// Jest Snapshot v1, https://goo.gl/fbAQLP

exports[`toOsFilterGroups returns ... when OSes are loaded 1`] = `
[
  {
    "groupSelectable": true,
    "items": [
      {
        "groupKey": "RHEL-9",
        "label": "RHEL 9.19",
        "type": "checkbox",
        "value": "RHEL-9-9.19",
      },
      {
        "groupKey": "RHEL-9",
        "label": "RHEL 9.18",
        "type": "checkbox",
        "value": "RHEL-9-9.18",
      },
      {
        "groupKey": "RHEL-9",
        "label": "RHEL 9.17",
        "type": "checkbox",
        "value": "RHEL-9-9.17",
      },
      {
        "groupKey": "RHEL-9",
        "label": "RHEL 9.16",
        "type": "checkbox",
        "value": "RHEL-9-9.16",
      },
      {
        "groupKey": "RHEL-9",
        "label": "RHEL 9.15",
        "type": "checkbox",
        "value": "RHEL-9-9.15",
      },
      {
        "groupKey": "RHEL-9",
        "label": "RHEL 9.14",
        "type": "checkbox",
        "value": "RHEL-9-9.14",
      },
      {
        "groupKey": "RHEL-9",
        "label": "RHEL 9.13",
        "type": "checkbox",
        "value": "RHEL-9-9.13",
      },
      {
        "groupKey": "RHEL-9",
        "label": "RHEL 9.12",
        "type": "checkbox",
        "value": "RHEL-9-9.12",
      },
      {
        "groupKey": "RHEL-9",
        "label": "RHEL 9.11",
        "type": "checkbox",
        "value": "RHEL-9-9.11",
      },
      {
        "groupKey": "RHEL-9",
        "label": "RHEL 9.10",
        "type": "checkbox",
        "value": "RHEL-9-9.10",
      },
      {
        "groupKey": "RHEL-9",
        "label": "RHEL 9.9",
        "type": "checkbox",
        "value": "RHEL-9-9.9",
      },
      {
        "groupKey": "RHEL-9",
        "label": "RHEL 9.8",
        "type": "checkbox",
        "value": "RHEL-9-9.8",
      },
      {
        "groupKey": "RHEL-9",
        "label": "RHEL 9.7",
        "type": "checkbox",
        "value": "RHEL-9-9.7",
      },
      {
        "groupKey": "RHEL-9",
        "label": "RHEL 9.6",
        "type": "checkbox",
        "value": "RHEL-9-9.6",
      },
      {
        "groupKey": "RHEL-9",
        "label": "RHEL 9.5",
        "type": "checkbox",
        "value": "RHEL-9-9.5",
      },
      {
        "groupKey": "RHEL-9",
        "label": "RHEL 9.4",
        "type": "checkbox",
        "value": "RHEL-9-9.4",
      },
      {
        "groupKey": "RHEL-9",
        "label": "RHEL 9.3",
        "type": "checkbox",
        "value": "RHEL-9-9.3",
      },
      {
        "groupKey": "RHEL-9",
        "label": "RHEL 9.2",
        "type": "checkbox",
        "value": "RHEL-9-9.2",
      },
      {
        "groupKey": "RHEL-9",
        "label": "RHEL 9.1",
        "type": "checkbox",
        "value": "RHEL-9-9.1",
      },
      {
        "groupKey": "RHEL-9",
        "label": "RHEL 9.0",
        "type": "checkbox",
        "value": "RHEL-9-9.0",
      },
    ],
    "label": "RHEL 9",
    "major": 9,
    "type": "checkbox",
    "value": "RHEL-9",
  },
  {
    "groupSelectable": true,
    "items": [
      {
        "groupKey": "CentOS-Linux-8",
        "label": "CentOS Linux 8.19",
        "type": "checkbox",
        "value": "CentOS-Linux-8-8.19",
      },
      {
        "groupKey": "CentOS-Linux-8",
        "label": "CentOS Linux 8.18",
        "type": "checkbox",
        "value": "CentOS-Linux-8-8.18",
      },
      {
        "groupKey": "CentOS-Linux-8",
        "label": "CentOS Linux 8.17",
        "type": "checkbox",
        "value": "CentOS-Linux-8-8.17",
      },
      {
        "groupKey": "CentOS-Linux-8",
        "label": "CentOS Linux 8.16",
        "type": "checkbox",
        "value": "CentOS-Linux-8-8.16",
      },
      {
        "groupKey": "CentOS-Linux-8",
        "label": "CentOS Linux 8.15",
        "type": "checkbox",
        "value": "CentOS-Linux-8-8.15",
      },
      {
        "groupKey": "CentOS-Linux-8",
        "label": "CentOS Linux 8.14",
        "type": "checkbox",
        "value": "CentOS-Linux-8-8.14",
      },
      {
        "groupKey": "CentOS-Linux-8",
        "label": "CentOS Linux 8.13",
        "type": "checkbox",
        "value": "CentOS-Linux-8-8.13",
      },
      {
        "groupKey": "CentOS-Linux-8",
        "label": "CentOS Linux 8.12",
        "type": "checkbox",
        "value": "CentOS-Linux-8-8.12",
      },
      {
        "groupKey": "CentOS-Linux-8",
        "label": "CentOS Linux 8.11",
        "type": "checkbox",
        "value": "CentOS-Linux-8-8.11",
      },
      {
        "groupKey": "CentOS-Linux-8",
        "label": "CentOS Linux 8.10",
        "type": "checkbox",
        "value": "CentOS-Linux-8-8.10",
      },
      {
        "groupKey": "CentOS-Linux-8",
        "label": "CentOS Linux 8.9",
        "type": "checkbox",
        "value": "CentOS-Linux-8-8.9",
      },
      {
        "groupKey": "CentOS-Linux-8",
        "label": "CentOS Linux 8.8",
        "type": "checkbox",
        "value": "CentOS-Linux-8-8.8",
      },
      {
        "groupKey": "CentOS-Linux-8",
        "label": "CentOS Linux 8.7",
        "type": "checkbox",
        "value": "CentOS-Linux-8-8.7",
      },
      {
        "groupKey": "CentOS-Linux-8",
        "label": "CentOS Linux 8.6",
        "type": "checkbox",
        "value": "CentOS-Linux-8-8.6",
      },
      {
        "groupKey": "CentOS-Linux-8",
        "label": "CentOS Linux 8.5",
        "type": "checkbox",
        "value": "CentOS-Linux-8-8.5",
      },
      {
        "groupKey": "CentOS-Linux-8",
        "label": "CentOS Linux 8.4",
        "type": "checkbox",
        "value": "CentOS-Linux-8-8.4",
      },
      {
        "groupKey": "CentOS-Linux-8",
        "label": "CentOS Linux 8.3",
        "type": "checkbox",
        "value": "CentOS-Linux-8-8.3",
      },
      {
        "groupKey": "CentOS-Linux-8",
        "label": "CentOS Linux 8.2",
        "type": "checkbox",
        "value": "CentOS-Linux-8-8.2",
      },
      {
        "groupKey": "CentOS-Linux-8",
        "label": "CentOS Linux 8.1",
        "type": "checkbox",
        "value": "CentOS-Linux-8-8.1",
      },
      {
        "groupKey": "CentOS-Linux-8",
        "label": "CentOS Linux 8.0",
        "type": "checkbox",
        "value": "CentOS-Linux-8-8.0",
      },
    ],
    "label": "CentOS Linux 8",
    "major": 8,
    "type": "checkbox",
    "value": "CentOS-Linux-8",
  },
  {
    "groupSelectable": true,
    "items": [
      {
        "groupKey": "RHEL-8",
        "label": "RHEL 8.19",
        "type": "checkbox",
        "value": "RHEL-8-8.19",
      },
      {
        "groupKey": "RHEL-8",
        "label": "RHEL 8.18",
        "type": "checkbox",
        "value": "RHEL-8-8.18",
      },
      {
        "groupKey": "RHEL-8",
        "label": "RHEL 8.17",
        "type": "checkbox",
        "value": "RHEL-8-8.17",
      },
      {
        "groupKey": "RHEL-8",
        "label": "RHEL 8.16",
        "type": "checkbox",
        "value": "RHEL-8-8.16",
      },
      {
        "groupKey": "RHEL-8",
        "label": "RHEL 8.15",
        "type": "checkbox",
        "value": "RHEL-8-8.15",
      },
      {
        "groupKey": "RHEL-8",
        "label": "RHEL 8.14",
        "type": "checkbox",
        "value": "RHEL-8-8.14",
      },
      {
        "groupKey": "RHEL-8",
        "label": "RHEL 8.13",
        "type": "checkbox",
        "value": "RHEL-8-8.13",
      },
      {
        "groupKey": "RHEL-8",
        "label": "RHEL 8.12",
        "type": "checkbox",
        "value": "RHEL-8-8.12",
      },
      {
        "groupKey": "RHEL-8",
        "label": "RHEL 8.11",
        "type": "checkbox",
        "value": "RHEL-8-8.11",
      },
      {
        "groupKey": "RHEL-8",
        "label": "RHEL 8.10",
        "type": "checkbox",
        "value": "RHEL-8-8.10",
      },
      {
        "groupKey": "RHEL-8",
        "label": "RHEL 8.9",
        "type": "checkbox",
        "value": "RHEL-8-8.9",
      },
      {
        "groupKey": "RHEL-8",
        "label": "RHEL 8.8",
        "type": "checkbox",
        "value": "RHEL-8-8.8",
      },
      {
        "groupKey": "RHEL-8",
        "label": "RHEL 8.7",
        "type": "checkbox",
        "value": "RHEL-8-8.7",
      },
      {
        "groupKey": "RHEL-8",
        "label": "RHEL 8.6",
        "type": "checkbox",
        "value": "RHEL-8-8.6",
      },
      {
        "groupKey": "RHEL-8",
        "label": "RHEL 8.5",
        "type": "checkbox",
        "value": "RHEL-8-8.5",
      },
      {
        "groupKey": "RHEL-8",
        "label": "RHEL 8.4",
        "type": "checkbox",
        "value": "RHEL-8-8.4",
      },
      {
        "groupKey": "RHEL-8",
        "label": "RHEL 8.3",
        "type": "checkbox",
        "value": "RHEL-8-8.3",
      },
      {
        "groupKey": "RHEL-8",
        "label": "RHEL 8.2",
        "type": "checkbox",
        "value": "RHEL-8-8.2",
      },
      {
        "groupKey": "RHEL-8",
        "label": "RHEL 8.1",
        "type": "checkbox",
        "value": "RHEL-8-8.1",
      },
      {
        "groupKey": "RHEL-8",
        "label": "RHEL 8.0",
        "type": "checkbox",
        "value": "RHEL-8-8.0",
      },
    ],
    "label": "RHEL 8",
    "major": 8,
    "type": "checkbox",
    "value": "RHEL-8",
  },
  {
    "groupSelectable": true,
    "items": [
      {
        "groupKey": "CentOS-Linux-7",
        "label": "CentOS Linux 7.19",
        "type": "checkbox",
        "value": "CentOS-Linux-7-7.19",
      },
      {
        "groupKey": "CentOS-Linux-7",
        "label": "CentOS Linux 7.18",
        "type": "checkbox",
        "value": "CentOS-Linux-7-7.18",
      },
      {
        "groupKey": "CentOS-Linux-7",
        "label": "CentOS Linux 7.17",
        "type": "checkbox",
        "value": "CentOS-Linux-7-7.17",
      },
      {
        "groupKey": "CentOS-Linux-7",
        "label": "CentOS Linux 7.16",
        "type": "checkbox",
        "value": "CentOS-Linux-7-7.16",
      },
      {
        "groupKey": "CentOS-Linux-7",
        "label": "CentOS Linux 7.15",
        "type": "checkbox",
        "value": "CentOS-Linux-7-7.15",
      },
      {
        "groupKey": "CentOS-Linux-7",
        "label": "CentOS Linux 7.14",
        "type": "checkbox",
        "value": "CentOS-Linux-7-7.14",
      },
      {
        "groupKey": "CentOS-Linux-7",
        "label": "CentOS Linux 7.13",
        "type": "checkbox",
        "value": "CentOS-Linux-7-7.13",
      },
      {
        "groupKey": "CentOS-Linux-7",
        "label": "CentOS Linux 7.12",
        "type": "checkbox",
        "value": "CentOS-Linux-7-7.12",
      },
      {
        "groupKey": "CentOS-Linux-7",
        "label": "CentOS Linux 7.11",
        "type": "checkbox",
        "value": "CentOS-Linux-7-7.11",
      },
      {
        "groupKey": "CentOS-Linux-7",
        "label": "CentOS Linux 7.10",
        "type": "checkbox",
        "value": "CentOS-Linux-7-7.10",
      },
      {
        "groupKey": "CentOS-Linux-7",
        "label": "CentOS Linux 7.9",
        "type": "checkbox",
        "value": "CentOS-Linux-7-7.9",
      },
      {
        "groupKey": "CentOS-Linux-7",
        "label": "CentOS Linux 7.8",
        "type": "checkbox",
        "value": "CentOS-Linux-7-7.8",
      },
      {
        "groupKey": "CentOS-Linux-7",
        "label": "CentOS Linux 7.7",
        "type": "checkbox",
        "value": "CentOS-Linux-7-7.7",
      },
      {
        "groupKey": "CentOS-Linux-7",
        "label": "CentOS Linux 7.6",
        "type": "checkbox",
        "value": "CentOS-Linux-7-7.6",
      },
      {
        "groupKey": "CentOS-Linux-7",
        "label": "CentOS Linux 7.5",
        "type": "checkbox",
        "value": "CentOS-Linux-7-7.5",
      },
      {
        "groupKey": "CentOS-Linux-7",
        "label": "CentOS Linux 7.4",
        "type": "checkbox",
        "value": "CentOS-Linux-7-7.4",
      },
      {
        "groupKey": "CentOS-Linux-7",
        "label": "CentOS Linux 7.3",
        "type": "checkbox",
        "value": "CentOS-Linux-7-7.3",
      },
      {
        "groupKey": "CentOS-Linux-7",
        "label": "CentOS Linux 7.2",
        "type": "checkbox",
        "value": "CentOS-Linux-7-7.2",
      },
      {
        "groupKey": "CentOS-Linux-7",
        "label": "CentOS Linux 7.1",
        "type": "checkbox",
        "value": "CentOS-Linux-7-7.1",
      },
      {
        "groupKey": "CentOS-Linux-7",
        "label": "CentOS Linux 7.0",
        "type": "checkbox",
        "value": "CentOS-Linux-7-7.0",
      },
    ],
    "label": "CentOS Linux 7",
    "major": 7,
    "type": "checkbox",
    "value": "CentOS-Linux-7",
  },
  {
    "groupSelectable": true,
    "items": [
      {
        "groupKey": "RHEL-7",
        "label": "RHEL 7.19",
        "type": "checkbox",
        "value": "RHEL-7-7.19",
      },
      {
        "groupKey": "RHEL-7",
        "label": "RHEL 7.18",
        "type": "checkbox",
        "value": "RHEL-7-7.18",
      },
      {
        "groupKey": "RHEL-7",
        "label": "RHEL 7.17",
        "type": "checkbox",
        "value": "RHEL-7-7.17",
      },
      {
        "groupKey": "RHEL-7",
        "label": "RHEL 7.16",
        "type": "checkbox",
        "value": "RHEL-7-7.16",
      },
      {
        "groupKey": "RHEL-7",
        "label": "RHEL 7.15",
        "type": "checkbox",
        "value": "RHEL-7-7.15",
      },
      {
        "groupKey": "RHEL-7",
        "label": "RHEL 7.14",
        "type": "checkbox",
        "value": "RHEL-7-7.14",
      },
      {
        "groupKey": "RHEL-7",
        "label": "RHEL 7.13",
        "type": "checkbox",
        "value": "RHEL-7-7.13",
      },
      {
        "groupKey": "RHEL-7",
        "label": "RHEL 7.12",
        "type": "checkbox",
        "value": "RHEL-7-7.12",
      },
      {
        "groupKey": "RHEL-7",
        "label": "RHEL 7.11",
        "type": "checkbox",
        "value": "RHEL-7-7.11",
      },
      {
        "groupKey": "RHEL-7",
        "label": "RHEL 7.10",
        "type": "checkbox",
        "value": "RHEL-7-7.10",
      },
      {
        "groupKey": "RHEL-7",
        "label": "RHEL 7.9",
        "type": "checkbox",
        "value": "RHEL-7-7.9",
      },
      {
        "groupKey": "RHEL-7",
        "label": "RHEL 7.8",
        "type": "checkbox",
        "value": "RHEL-7-7.8",
      },
      {
        "groupKey": "RHEL-7",
        "label": "RHEL 7.7",
        "type": "checkbox",
        "value": "RHEL-7-7.7",
      },
      {
        "groupKey": "RHEL-7",
        "label": "RHEL 7.6",
        "type": "checkbox",
        "value": "RHEL-7-7.6",
      },
      {
        "groupKey": "RHEL-7",
        "label": "RHEL 7.5",
        "type": "checkbox",
        "value": "RHEL-7-7.5",
      },
      {
        "groupKey": "RHEL-7",
        "label": "RHEL 7.4",
        "type": "checkbox",
        "value": "RHEL-7-7.4",
      },
      {
        "groupKey": "RHEL-7",
        "label": "RHEL 7.3",
        "type": "checkbox",
        "value": "RHEL-7-7.3",
      },
      {
        "groupKey": "RHEL-7",
        "label": "RHEL 7.2",
        "type": "checkbox",
        "value": "RHEL-7-7.2",
      },
      {
        "groupKey": "RHEL-7",
        "label": "RHEL 7.1",
        "type": "checkbox",
        "value": "RHEL-7-7.1",
      },
      {
        "groupKey": "RHEL-7",
        "label": "RHEL 7.0",
        "type": "checkbox",
        "value": "RHEL-7-7.0",
      },
    ],
    "label": "RHEL 7",
    "major": 7,
    "type": "checkbox",
    "value": "RHEL-7",
  },
]
`;
