// Jest Snapshot v1, https://goo.gl/fbAQLP

exports[`useGroupFilter with groups loaded should return correct chips array, current value and value setter 1`] = `
Array [
  Object {
    "category": "Group",
    "chips": Array [
      Object {
        "name": "nisi ut consequat ad1",
        "value": "nisi ut consequat ad1",
      },
    ],
    "type": "group_name",
  },
]
`;

exports[`useGroupFilter with groups yet not loaded should return empty state value 1`] = `
Array [
  Object {
    "filterValues": Object {
      "children": <SearchableGroupFilter
        initialGroups={Array []}
        selectedGroupNames={Array []}
        setSelectedGroupNames={[Function]}
      />,
    },
    "label": "Group",
    "type": "custom",
    "value": "group-host-filter",
  },
  Array [],
  Array [],
  [Function],
]
`;
