// Jest Snapshot v1, https://goo.gl/fbAQLP

exports[`useOperatingSystemFilter with operating systems loaded should return correct chips array, current value and value setter 1`] = `
[
  {
    "category": "Operating system",
    "chips": [
      {
        "groupKey": "RHEL-7",
        "major": 7,
        "minor": 6,
        "name": "RHEL 7.6",
        "type": "checkbox",
        "value": "RHEL-7-7.6",
      },
    ],
    "type": "operating_system",
  },
]
`;

exports[`useOperatingSystemFilter with operating systems yet not loaded should return empty state value 1`] = `
[
  {
    "filterValues": {
      "groups": [
        {
          "items": [
            {
              "isDisabled": true,
              "label": "No versions available",
            },
          ],
        },
      ],
      "onChange": [Function],
      "selected": {},
    },
    "label": "Operating system",
    "type": "group",
    "value": "operating-system-filter",
  },
  [],
  {},
  [Function],
]
`;
