// Jest Snapshot v1, https://goo.gl/fbAQLP

exports[`buildOSChip returnd chips 1`] = `Array []`;

exports[`buildOSFilterConfig appends a given config 1`] = `
Object {
  "filterValues": Object {
    "groups": Array [
      Object {
        "groupSelectable": true,
        "items": Array [
          Object {
            "label": "RHEL 9.0",
            "type": "checkbox",
            "value": "9.0",
          },
        ],
        "label": "RHEL 9",
        "noFilter": true,
        "value": "9.0",
      },
      Object {
        "groupSelectable": true,
        "items": Array [
          Object {
            "label": "RHEL 8.4",
            "type": "checkbox",
            "value": "8.4",
          },
          Object {
            "label": "RHEL 8.3",
            "type": "checkbox",
            "value": "8.3",
          },
          Object {
            "label": "RHEL 8.0",
            "type": "checkbox",
            "value": "8.0",
          },
        ],
        "label": "RHEL 8",
        "noFilter": true,
        "value": "8.0",
      },
    ],
    "onChange": [Function],
    "selected": undefined,
  },
  "label": "Operating System",
  "type": "group",
  "value": "os-filter",
}
`;

exports[`buildOSFilterConfig returns a filter configuration 1`] = `
Object {
  "filterValues": Object {
    "groups": Array [
      Object {
        "groupSelectable": true,
        "items": Array [
          Object {
            "label": "RHEL 9.0",
            "type": "checkbox",
            "value": "9.0",
          },
        ],
        "label": "RHEL 9",
        "noFilter": true,
        "value": "9.0",
      },
      Object {
        "groupSelectable": true,
        "items": Array [
          Object {
            "label": "RHEL 8.4",
            "type": "checkbox",
            "value": "8.4",
          },
          Object {
            "label": "RHEL 8.3",
            "type": "checkbox",
            "value": "8.3",
          },
          Object {
            "label": "RHEL 8.0",
            "type": "checkbox",
            "value": "8.0",
          },
        ],
        "label": "RHEL 8",
        "noFilter": true,
        "value": "8.0",
      },
    ],
    "onChange": [Function],
    "selected": undefined,
  },
  "label": "Operating System",
  "type": "group",
  "value": "os-filter",
}
`;

exports[`toGroupSelectionValue returns a select value for a group selection 1`] = `
Object {
  "7.0": Object {
    "7.0": true,
    "7.1": true,
    "7.2": true,
  },
  "8.0": Object {
    "8.5": true,
  },
  "9.0": Object {
    "9.1": true,
  },
}
`;
