// Jest Snapshot v1, https://goo.gl/fbAQLP

exports[`buildOSFilterChip returns five version chips 1`] = `
[
  {
    "category": "Operating System",
    "chips": [
      {
        "groupLabel": "RHEL 6",
        "name": "RHEL 6.9",
        "osName": "RHEL",
        "value": "6.9",
      },
      {
        "groupLabel": "RHEL 7",
        "name": "RHEL 7.0",
        "osName": "RHEL",
        "value": "7.0",
      },
      {
        "groupLabel": "RHEL 8",
        "name": "RHEL 8.5",
        "osName": "RHEL",
        "value": "8.5",
      },
      {
        "groupLabel": "RHEL 8",
        "name": "RHEL 8.10",
        "osName": "RHEL",
        "value": "8.10",
      },
      {
        "groupLabel": "CentOS Linux 7",
        "name": "CentOS Linux 7.9",
        "osName": "CentOS Linux",
        "value": "7.9",
      },
    ],
    "type": "operating_system",
  },
]
`;

exports[`groupOSFilterVersions returns group configuration with 5 groups 1`] = `
[
  {
    "groupSelectable": true,
    "items": [
      {
        "label": "RHEL 8.10",
        "type": "checkbox",
        "value": "8.10",
      },
      {
        "label": "RHEL 8.5",
        "type": "checkbox",
        "value": "8.5",
      },
    ],
    "label": "RHEL 8",
    "type": "checkbox",
    "value": "RHEL 8",
  },
  {
    "groupSelectable": true,
    "items": [
      {
        "label": "CentOS Linux 8.6",
        "type": "checkbox",
        "value": "8.6",
      },
    ],
    "label": "CentOS Linux 8",
    "type": "checkbox",
    "value": "CentOS Linux 8",
  },
  {
    "groupSelectable": true,
    "items": [
      {
        "label": "RHEL 7.0",
        "type": "checkbox",
        "value": "7.0",
      },
    ],
    "label": "RHEL 7",
    "type": "checkbox",
    "value": "RHEL 7",
  },
  {
    "groupSelectable": true,
    "items": [
      {
        "label": "CentOS Linux 7.9",
        "type": "checkbox",
        "value": "7.9",
      },
    ],
    "label": "CentOS Linux 7",
    "type": "checkbox",
    "value": "CentOS Linux 7",
  },
  {
    "groupSelectable": true,
    "items": [
      {
        "label": "RHEL 6.10",
        "type": "checkbox",
        "value": "6.10",
      },
      {
        "label": "RHEL 6.9",
        "type": "checkbox",
        "value": "6.9",
      },
    ],
    "label": "RHEL 6",
    "type": "checkbox",
    "value": "RHEL 6",
  },
]
`;
