// Jest Snapshot v1, https://jestjs.io/docs/snapshot-testing

exports[`EntityTable DOM should render with count 1`] = `
<DocumentFragment>
  <span
    class="ins-c-inventory__list-tags"
    data-ouia-component-id="undefined-tag-button"
  >
    <button
      aria-label="Tag count"
      class="pf-v6-c-button pf-m-plain buttonTagCount-0-2-1"
      data-ouia-component-id="TagCount"
      data-ouia-component-type="PF6/Button"
      data-ouia-safe="true"
      type="button"
    >
      <span
        class="pf-v6-c-button__icon"
      >
        <span
          class="pf-v6-c-icon"
          data-ouia-component-id="TagCount-icon"
        >
          <span
            class="pf-v6-c-icon__content pf-m-md"
          >
            <svg
              aria-hidden="true"
              class="pf-v6-svg tagIcon-0-2-2 tagIcon-d0-0-2-4"
              fill="currentColor"
              height="1em"
              role="img"
              width="1em"
            >
              <svg
                class="pf-v6-icon-default"
                viewBox="0 0 512 512"
              >
                <path
                  d="M0 252.118V48C0 21.49 21.49 0 48 0h204.118a48 48 0 0 1 33.941 14.059l211.882 211.882c18.745 18.745 18.745 49.137 0 67.882L293.823 497.941c-18.745 18.745-49.137 18.745-67.882 0L14.059 286.059A48 48 0 0 1 0 252.118zM112 64c-26.51 0-48 21.49-48 48s21.49 48 48 48 48-21.49 48-48-21.49-48-48-48z"
                />
              </svg>
              <svg
                class="pf-v6-icon-rh-ui"
                viewBox="0 0 32 32"
              >
                <path
                  d="M7 8a.997.997 0 0 1-.707-.293l-4-4a.999.999 0 1 1 1.414-1.414l4 4A.999.999 0 0 1 7 8Zm22.793 11c0 .4-.156.777-.439 1.061l-9.293 9.293c-.292.293-.676.438-1.061.438s-.768-.146-1.061-.438L7.293 18.708A.997.997 0 0 1 7 18.001v-6c0-.266.105-.52.293-.707l4-4A1 1 0 0 1 12 7.001h6c.265 0 .52.105.707.293L29.353 17.94c.283.283.439.66.439 1.061Zm-2.207 0-10-10h-5.172L9 12.414v5.172l10 10L27.586 19Zm-13.581-6.624a1.626 1.626 0 1 0 .001 3.251 1.626 1.626 0 0 0-.001-3.251Z"
                />
              </svg>
            </svg>
          </span>
        </span>
        <span
          class="tagText-0-2-3"
          data-ouia-component-id="TagCount-text"
        >
          10
        </span>
      </span>
    </button>
  </span>
</DocumentFragment>
`;
