// Jest Snapshot v1, https://jestjs.io/docs/snapshot-testing

exports[`InfrastructureCard should not render hasIPv4 1`] = `
<DocumentFragment>
  <div
    class="pf-v6-c-card pf-m-expanded"
    data-ouia-component-id="infrastructure-card"
    data-ouia-component-type="PF6/Card"
    data-ouia-safe="true"
    id=""
  >
    <div
      class="pf-v6-c-card__header"
    >
      <div
        class="pf-v6-c-card__header-toggle"
      >
        <button
          class="pf-v6-c-button pf-m-plain"
          data-ouia-component-id="OUIA-Generated-Button-plain-10"
          data-ouia-component-type="PF6/Button"
          data-ouia-safe="true"
          type="button"
        >
          <span
            class="pf-v6-c-button__icon"
          >
            <span
              class="pf-v6-c-card__header-toggle-icon"
            >
              <svg
                aria-hidden="true"
                class="pf-v6-svg"
                fill="currentColor"
                height="1em"
                role="img"
                viewBox="0 0 256 512"
                width="1em"
              >
                <path
                  d="M224.3 273l-136 136c-9.4 9.4-24.6 9.4-33.9 0l-22.6-22.6c-9.4-9.4-9.4-24.6 0-33.9l96.4-96.4-96.4-96.4c-9.4-9.4-9.4-24.6 0-33.9L54.3 103c9.4-9.4 24.6-9.4 33.9 0l136 136c9.5 9.4 9.5 24.6.1 34z"
                />
              </svg>
            </span>
          </span>
        </button>
      </div>
      <div
        class="pf-v6-c-card__header-main"
      >
        <div
          class="pf-v6-c-card__title"
        >
          <div
            class="pf-v6-c-card__title-text"
          >
            Infrastructure
          </div>
        </div>
      </div>
    </div>
    <div
      class="pf-v6-c-card__expandable-content"
    >
      <div
        class="pf-v6-c-card__body"
      >
        <div
          class="pf-v6-l-stack pf-m-gutter"
        >
          <div
            class="pf-v6-l-stack__item pf-m-fill"
          >
            <dl
              aria-label="Infrastructure title"
              class="pf-v6-c-description-list pf-m-2-col"
              data-ouia-component-id="Infrastructure title"
            >
              <div
                class="pf-v6-c-description-list__group"
              >
                <dt
                  class="pf-v6-c-description-list__term"
                >
                  <span
                    class="pf-v6-c-description-list__text"
                  >
                    Type
                  </span>
                </dt>
                <dd
                  aria-label="Type value"
                  class="pf-v6-c-description-list__description"
                  data-ouia-component-id="Type value"
                >
                  <div
                    class="pf-v6-c-description-list__text"
                  >
                    test-type
                  </div>
                </dd>
              </div>
              <div
                class="pf-v6-c-description-list__group"
              >
                <dt
                  class="pf-v6-c-description-list__term"
                >
                  <span
                    class="pf-v6-c-description-list__text"
                  >
                    Vendor
                  </span>
                </dt>
                <dd
                  aria-label="Vendor value"
                  class="pf-v6-c-description-list__description"
                  data-ouia-component-id="Vendor value"
                >
                  <div
                    class="pf-v6-c-description-list__text"
                  >
                    test-vendor
                  </div>
                </dd>
              </div>
              <div
                class="pf-v6-c-description-list__group"
              >
                <dt
                  class="pf-v6-c-description-list__term"
                >
                  <span
                    class="pf-v6-c-description-list__text"
                  >
                    Public IP
                  </span>
                </dt>
                <dd
                  aria-label="Public IP value"
                  class="pf-v6-c-description-list__description"
                  data-ouia-component-id="Public IP value"
                >
                  <div
                    class="pf-v6-c-description-list__text"
                  >
                    Not available
                  </div>
                </dd>
              </div>
              <div
                class="pf-v6-c-description-list__group"
              >
                <dt
                  class="pf-v6-c-description-list__term"
                >
                  <span
                    class="pf-v6-c-description-list__text"
                  >
                    IPv6 addresses
                  </span>
                </dt>
                <dd
                  aria-label="IPv6 addresses value"
                  class="pf-v6-c-description-list__description"
                  data-ouia-component-id="IPv6 addresses value"
                >
                  <div
                    class="pf-v6-c-description-list__text"
                  >
                    <div>
                      <a
                        href="localhost:3000/example/path/ipv6"
                      >
                        1 address
                      </a>
                    </div>
                  </div>
                </dd>
              </div>
              <div
                class="pf-v6-c-description-list__group"
              >
                <dt
                  class="pf-v6-c-description-list__term"
                >
                  <span
                    class="pf-v6-c-description-list__text"
                  >
                    FQDN
                  </span>
                </dt>
                <dd
                  aria-label="FQDN value"
                  class="pf-v6-c-description-list__description"
                  data-ouia-component-id="FQDN value"
                >
                  <div
                    class="pf-v6-c-description-list__text"
                  >
                    Not available
                  </div>
                </dd>
              </div>
              <div
                class="pf-v6-c-description-list__group"
              >
                <dt
                  class="pf-v6-c-description-list__term"
                >
                  <span
                    class="pf-v6-c-description-list__text"
                  >
                    Interfaces/NICs
                  </span>
                </dt>
                <dd
                  aria-label="Interfaces/NICs value"
                  class="pf-v6-c-description-list__description"
                  data-ouia-component-id="Interfaces/NICs value"
                >
                  <div
                    class="pf-v6-c-description-list__text"
                  >
                    <div>
                      <a
                        href="localhost:3000/example/path/interfaces"
                      >
                        1 NIC
                      </a>
                    </div>
                  </div>
                </dd>
              </div>
            </dl>
          </div>
        </div>
      </div>
    </div>
  </div>
</DocumentFragment>
`;

exports[`InfrastructureCard should not render hasIPv6 1`] = `
<DocumentFragment>
  <div
    class="pf-v6-c-card pf-m-expanded"
    data-ouia-component-id="infrastructure-card"
    data-ouia-component-type="PF6/Card"
    data-ouia-safe="true"
    id=""
  >
    <div
      class="pf-v6-c-card__header"
    >
      <div
        class="pf-v6-c-card__header-toggle"
      >
        <button
          class="pf-v6-c-button pf-m-plain"
          data-ouia-component-id="OUIA-Generated-Button-plain-11"
          data-ouia-component-type="PF6/Button"
          data-ouia-safe="true"
          type="button"
        >
          <span
            class="pf-v6-c-button__icon"
          >
            <span
              class="pf-v6-c-card__header-toggle-icon"
            >
              <svg
                aria-hidden="true"
                class="pf-v6-svg"
                fill="currentColor"
                height="1em"
                role="img"
                viewBox="0 0 256 512"
                width="1em"
              >
                <path
                  d="M224.3 273l-136 136c-9.4 9.4-24.6 9.4-33.9 0l-22.6-22.6c-9.4-9.4-9.4-24.6 0-33.9l96.4-96.4-96.4-96.4c-9.4-9.4-9.4-24.6 0-33.9L54.3 103c9.4-9.4 24.6-9.4 33.9 0l136 136c9.5 9.4 9.5 24.6.1 34z"
                />
              </svg>
            </span>
          </span>
        </button>
      </div>
      <div
        class="pf-v6-c-card__header-main"
      >
        <div
          class="pf-v6-c-card__title"
        >
          <div
            class="pf-v6-c-card__title-text"
          >
            Infrastructure
          </div>
        </div>
      </div>
    </div>
    <div
      class="pf-v6-c-card__expandable-content"
    >
      <div
        class="pf-v6-c-card__body"
      >
        <div
          class="pf-v6-l-stack pf-m-gutter"
        >
          <div
            class="pf-v6-l-stack__item pf-m-fill"
          >
            <dl
              aria-label="Infrastructure title"
              class="pf-v6-c-description-list pf-m-2-col"
              data-ouia-component-id="Infrastructure title"
            >
              <div
                class="pf-v6-c-description-list__group"
              >
                <dt
                  class="pf-v6-c-description-list__term"
                >
                  <span
                    class="pf-v6-c-description-list__text"
                  >
                    Type
                  </span>
                </dt>
                <dd
                  aria-label="Type value"
                  class="pf-v6-c-description-list__description"
                  data-ouia-component-id="Type value"
                >
                  <div
                    class="pf-v6-c-description-list__text"
                  >
                    test-type
                  </div>
                </dd>
              </div>
              <div
                class="pf-v6-c-description-list__group"
              >
                <dt
                  class="pf-v6-c-description-list__term"
                >
                  <span
                    class="pf-v6-c-description-list__text"
                  >
                    Vendor
                  </span>
                </dt>
                <dd
                  aria-label="Vendor value"
                  class="pf-v6-c-description-list__description"
                  data-ouia-component-id="Vendor value"
                >
                  <div
                    class="pf-v6-c-description-list__text"
                  >
                    test-vendor
                  </div>
                </dd>
              </div>
              <div
                class="pf-v6-c-description-list__group"
              >
                <dt
                  class="pf-v6-c-description-list__term"
                >
                  <span
                    class="pf-v6-c-description-list__text"
                  >
                    Public IP
                  </span>
                </dt>
                <dd
                  aria-label="Public IP value"
                  class="pf-v6-c-description-list__description"
                  data-ouia-component-id="Public IP value"
                >
                  <div
                    class="pf-v6-c-description-list__text"
                  >
                    Not available
                  </div>
                </dd>
              </div>
              <div
                class="pf-v6-c-description-list__group"
              >
                <dt
                  class="pf-v6-c-description-list__term"
                >
                  <span
                    class="pf-v6-c-description-list__text"
                  >
                    IPv4 addresses
                  </span>
                </dt>
                <dd
                  aria-label="IPv4 addresses value"
                  class="pf-v6-c-description-list__description"
                  data-ouia-component-id="IPv4 addresses value"
                >
                  <div
                    class="pf-v6-c-description-list__text"
                  >
                    <div>
                      <a
                        href="localhost:3000/example/path/ipv4"
                      >
                        1 address
                      </a>
                    </div>
                  </div>
                </dd>
              </div>
              <div
                class="pf-v6-c-description-list__group"
              >
                <dt
                  class="pf-v6-c-description-list__term"
                >
                  <span
                    class="pf-v6-c-description-list__text"
                  >
                    FQDN
                  </span>
                </dt>
                <dd
                  aria-label="FQDN value"
                  class="pf-v6-c-description-list__description"
                  data-ouia-component-id="FQDN value"
                >
                  <div
                    class="pf-v6-c-description-list__text"
                  >
                    Not available
                  </div>
                </dd>
              </div>
              <div
                class="pf-v6-c-description-list__group"
              >
                <dt
                  class="pf-v6-c-description-list__term"
                >
                  <span
                    class="pf-v6-c-description-list__text"
                  >
                    Interfaces/NICs
                  </span>
                </dt>
                <dd
                  aria-label="Interfaces/NICs value"
                  class="pf-v6-c-description-list__description"
                  data-ouia-component-id="Interfaces/NICs value"
                >
                  <div
                    class="pf-v6-c-description-list__text"
                  >
                    <div>
                      <a
                        href="localhost:3000/example/path/interfaces"
                      >
                        1 NIC
                      </a>
                    </div>
                  </div>
                </dd>
              </div>
            </dl>
          </div>
        </div>
      </div>
    </div>
  </div>
</DocumentFragment>
`;

exports[`InfrastructureCard should not render hasInterfaces 1`] = `
<DocumentFragment>
  <div
    class="pf-v6-c-card pf-m-expanded"
    data-ouia-component-id="infrastructure-card"
    data-ouia-component-type="PF6/Card"
    data-ouia-safe="true"
    id=""
  >
    <div
      class="pf-v6-c-card__header"
    >
      <div
        class="pf-v6-c-card__header-toggle"
      >
        <button
          class="pf-v6-c-button pf-m-plain"
          data-ouia-component-id="OUIA-Generated-Button-plain-12"
          data-ouia-component-type="PF6/Button"
          data-ouia-safe="true"
          type="button"
        >
          <span
            class="pf-v6-c-button__icon"
          >
            <span
              class="pf-v6-c-card__header-toggle-icon"
            >
              <svg
                aria-hidden="true"
                class="pf-v6-svg"
                fill="currentColor"
                height="1em"
                role="img"
                viewBox="0 0 256 512"
                width="1em"
              >
                <path
                  d="M224.3 273l-136 136c-9.4 9.4-24.6 9.4-33.9 0l-22.6-22.6c-9.4-9.4-9.4-24.6 0-33.9l96.4-96.4-96.4-96.4c-9.4-9.4-9.4-24.6 0-33.9L54.3 103c9.4-9.4 24.6-9.4 33.9 0l136 136c9.5 9.4 9.5 24.6.1 34z"
                />
              </svg>
            </span>
          </span>
        </button>
      </div>
      <div
        class="pf-v6-c-card__header-main"
      >
        <div
          class="pf-v6-c-card__title"
        >
          <div
            class="pf-v6-c-card__title-text"
          >
            Infrastructure
          </div>
        </div>
      </div>
    </div>
    <div
      class="pf-v6-c-card__expandable-content"
    >
      <div
        class="pf-v6-c-card__body"
      >
        <div
          class="pf-v6-l-stack pf-m-gutter"
        >
          <div
            class="pf-v6-l-stack__item pf-m-fill"
          >
            <dl
              aria-label="Infrastructure title"
              class="pf-v6-c-description-list pf-m-2-col"
              data-ouia-component-id="Infrastructure title"
            >
              <div
                class="pf-v6-c-description-list__group"
              >
                <dt
                  class="pf-v6-c-description-list__term"
                >
                  <span
                    class="pf-v6-c-description-list__text"
                  >
                    Type
                  </span>
                </dt>
                <dd
                  aria-label="Type value"
                  class="pf-v6-c-description-list__description"
                  data-ouia-component-id="Type value"
                >
                  <div
                    class="pf-v6-c-description-list__text"
                  >
                    test-type
                  </div>
                </dd>
              </div>
              <div
                class="pf-v6-c-description-list__group"
              >
                <dt
                  class="pf-v6-c-description-list__term"
                >
                  <span
                    class="pf-v6-c-description-list__text"
                  >
                    Vendor
                  </span>
                </dt>
                <dd
                  aria-label="Vendor value"
                  class="pf-v6-c-description-list__description"
                  data-ouia-component-id="Vendor value"
                >
                  <div
                    class="pf-v6-c-description-list__text"
                  >
                    test-vendor
                  </div>
                </dd>
              </div>
              <div
                class="pf-v6-c-description-list__group"
              >
                <dt
                  class="pf-v6-c-description-list__term"
                >
                  <span
                    class="pf-v6-c-description-list__text"
                  >
                    Public IP
                  </span>
                </dt>
                <dd
                  aria-label="Public IP value"
                  class="pf-v6-c-description-list__description"
                  data-ouia-component-id="Public IP value"
                >
                  <div
                    class="pf-v6-c-description-list__text"
                  >
                    Not available
                  </div>
                </dd>
              </div>
              <div
                class="pf-v6-c-description-list__group"
              >
                <dt
                  class="pf-v6-c-description-list__term"
                >
                  <span
                    class="pf-v6-c-description-list__text"
                  >
                    IPv4 addresses
                  </span>
                </dt>
                <dd
                  aria-label="IPv4 addresses value"
                  class="pf-v6-c-description-list__description"
                  data-ouia-component-id="IPv4 addresses value"
                >
                  <div
                    class="pf-v6-c-description-list__text"
                  >
                    <div>
                      <a
                        href="localhost:3000/example/path/ipv4"
                      >
                        1 address
                      </a>
                    </div>
                  </div>
                </dd>
              </div>
              <div
                class="pf-v6-c-description-list__group"
              >
                <dt
                  class="pf-v6-c-description-list__term"
                >
                  <span
                    class="pf-v6-c-description-list__text"
                  >
                    IPv6 addresses
                  </span>
                </dt>
                <dd
                  aria-label="IPv6 addresses value"
                  class="pf-v6-c-description-list__description"
                  data-ouia-component-id="IPv6 addresses value"
                >
                  <div
                    class="pf-v6-c-description-list__text"
                  >
                    <div>
                      <a
                        href="localhost:3000/example/path/ipv6"
                      >
                        1 address
                      </a>
                    </div>
                  </div>
                </dd>
              </div>
              <div
                class="pf-v6-c-description-list__group"
              >
                <dt
                  class="pf-v6-c-description-list__term"
                >
                  <span
                    class="pf-v6-c-description-list__text"
                  >
                    FQDN
                  </span>
                </dt>
                <dd
                  aria-label="FQDN value"
                  class="pf-v6-c-description-list__description"
                  data-ouia-component-id="FQDN value"
                >
                  <div
                    class="pf-v6-c-description-list__text"
                  >
                    Not available
                  </div>
                </dd>
              </div>
            </dl>
          </div>
        </div>
      </div>
    </div>
  </div>
</DocumentFragment>
`;

exports[`InfrastructureCard should not render hasType 1`] = `
<DocumentFragment>
  <div
    class="pf-v6-c-card pf-m-expanded"
    data-ouia-component-id="infrastructure-card"
    data-ouia-component-type="PF6/Card"
    data-ouia-safe="true"
    id=""
  >
    <div
      class="pf-v6-c-card__header"
    >
      <div
        class="pf-v6-c-card__header-toggle"
      >
        <button
          class="pf-v6-c-button pf-m-plain"
          data-ouia-component-id="OUIA-Generated-Button-plain-8"
          data-ouia-component-type="PF6/Button"
          data-ouia-safe="true"
          type="button"
        >
          <span
            class="pf-v6-c-button__icon"
          >
            <span
              class="pf-v6-c-card__header-toggle-icon"
            >
              <svg
                aria-hidden="true"
                class="pf-v6-svg"
                fill="currentColor"
                height="1em"
                role="img"
                viewBox="0 0 256 512"
                width="1em"
              >
                <path
                  d="M224.3 273l-136 136c-9.4 9.4-24.6 9.4-33.9 0l-22.6-22.6c-9.4-9.4-9.4-24.6 0-33.9l96.4-96.4-96.4-96.4c-9.4-9.4-9.4-24.6 0-33.9L54.3 103c9.4-9.4 24.6-9.4 33.9 0l136 136c9.5 9.4 9.5 24.6.1 34z"
                />
              </svg>
            </span>
          </span>
        </button>
      </div>
      <div
        class="pf-v6-c-card__header-main"
      >
        <div
          class="pf-v6-c-card__title"
        >
          <div
            class="pf-v6-c-card__title-text"
          >
            Infrastructure
          </div>
        </div>
      </div>
    </div>
    <div
      class="pf-v6-c-card__expandable-content"
    >
      <div
        class="pf-v6-c-card__body"
      >
        <div
          class="pf-v6-l-stack pf-m-gutter"
        >
          <div
            class="pf-v6-l-stack__item pf-m-fill"
          >
            <dl
              aria-label="Infrastructure title"
              class="pf-v6-c-description-list pf-m-2-col"
              data-ouia-component-id="Infrastructure title"
            >
              <div
                class="pf-v6-c-description-list__group"
              >
                <dt
                  class="pf-v6-c-description-list__term"
                >
                  <span
                    class="pf-v6-c-description-list__text"
                  >
                    Vendor
                  </span>
                </dt>
                <dd
                  aria-label="Vendor value"
                  class="pf-v6-c-description-list__description"
                  data-ouia-component-id="Vendor value"
                >
                  <div
                    class="pf-v6-c-description-list__text"
                  >
                    test-vendor
                  </div>
                </dd>
              </div>
              <div
                class="pf-v6-c-description-list__group"
              >
                <dt
                  class="pf-v6-c-description-list__term"
                >
                  <span
                    class="pf-v6-c-description-list__text"
                  >
                    Public IP
                  </span>
                </dt>
                <dd
                  aria-label="Public IP value"
                  class="pf-v6-c-description-list__description"
                  data-ouia-component-id="Public IP value"
                >
                  <div
                    class="pf-v6-c-description-list__text"
                  >
                    Not available
                  </div>
                </dd>
              </div>
              <div
                class="pf-v6-c-description-list__group"
              >
                <dt
                  class="pf-v6-c-description-list__term"
                >
                  <span
                    class="pf-v6-c-description-list__text"
                  >
                    IPv4 addresses
                  </span>
                </dt>
                <dd
                  aria-label="IPv4 addresses value"
                  class="pf-v6-c-description-list__description"
                  data-ouia-component-id="IPv4 addresses value"
                >
                  <div
                    class="pf-v6-c-description-list__text"
                  >
                    <div>
                      <a
                        href="localhost:3000/example/path/ipv4"
                      >
                        1 address
                      </a>
                    </div>
                  </div>
                </dd>
              </div>
              <div
                class="pf-v6-c-description-list__group"
              >
                <dt
                  class="pf-v6-c-description-list__term"
                >
                  <span
                    class="pf-v6-c-description-list__text"
                  >
                    IPv6 addresses
                  </span>
                </dt>
                <dd
                  aria-label="IPv6 addresses value"
                  class="pf-v6-c-description-list__description"
                  data-ouia-component-id="IPv6 addresses value"
                >
                  <div
                    class="pf-v6-c-description-list__text"
                  >
                    <div>
                      <a
                        href="localhost:3000/example/path/ipv6"
                      >
                        1 address
                      </a>
                    </div>
                  </div>
                </dd>
              </div>
              <div
                class="pf-v6-c-description-list__group"
              >
                <dt
                  class="pf-v6-c-description-list__term"
                >
                  <span
                    class="pf-v6-c-description-list__text"
                  >
                    FQDN
                  </span>
                </dt>
                <dd
                  aria-label="FQDN value"
                  class="pf-v6-c-description-list__description"
                  data-ouia-component-id="FQDN value"
                >
                  <div
                    class="pf-v6-c-description-list__text"
                  >
                    Not available
                  </div>
                </dd>
              </div>
              <div
                class="pf-v6-c-description-list__group"
              >
                <dt
                  class="pf-v6-c-description-list__term"
                >
                  <span
                    class="pf-v6-c-description-list__text"
                  >
                    Interfaces/NICs
                  </span>
                </dt>
                <dd
                  aria-label="Interfaces/NICs value"
                  class="pf-v6-c-description-list__description"
                  data-ouia-component-id="Interfaces/NICs value"
                >
                  <div
                    class="pf-v6-c-description-list__text"
                  >
                    <div>
                      <a
                        href="localhost:3000/example/path/interfaces"
                      >
                        1 NIC
                      </a>
                    </div>
                  </div>
                </dd>
              </div>
            </dl>
          </div>
        </div>
      </div>
    </div>
  </div>
</DocumentFragment>
`;

exports[`InfrastructureCard should not render hasVendor 1`] = `
<DocumentFragment>
  <div
    class="pf-v6-c-card pf-m-expanded"
    data-ouia-component-id="infrastructure-card"
    data-ouia-component-type="PF6/Card"
    data-ouia-safe="true"
    id=""
  >
    <div
      class="pf-v6-c-card__header"
    >
      <div
        class="pf-v6-c-card__header-toggle"
      >
        <button
          class="pf-v6-c-button pf-m-plain"
          data-ouia-component-id="OUIA-Generated-Button-plain-9"
          data-ouia-component-type="PF6/Button"
          data-ouia-safe="true"
          type="button"
        >
          <span
            class="pf-v6-c-button__icon"
          >
            <span
              class="pf-v6-c-card__header-toggle-icon"
            >
              <svg
                aria-hidden="true"
                class="pf-v6-svg"
                fill="currentColor"
                height="1em"
                role="img"
                viewBox="0 0 256 512"
                width="1em"
              >
                <path
                  d="M224.3 273l-136 136c-9.4 9.4-24.6 9.4-33.9 0l-22.6-22.6c-9.4-9.4-9.4-24.6 0-33.9l96.4-96.4-96.4-96.4c-9.4-9.4-9.4-24.6 0-33.9L54.3 103c9.4-9.4 24.6-9.4 33.9 0l136 136c9.5 9.4 9.5 24.6.1 34z"
                />
              </svg>
            </span>
          </span>
        </button>
      </div>
      <div
        class="pf-v6-c-card__header-main"
      >
        <div
          class="pf-v6-c-card__title"
        >
          <div
            class="pf-v6-c-card__title-text"
          >
            Infrastructure
          </div>
        </div>
      </div>
    </div>
    <div
      class="pf-v6-c-card__expandable-content"
    >
      <div
        class="pf-v6-c-card__body"
      >
        <div
          class="pf-v6-l-stack pf-m-gutter"
        >
          <div
            class="pf-v6-l-stack__item pf-m-fill"
          >
            <dl
              aria-label="Infrastructure title"
              class="pf-v6-c-description-list pf-m-2-col"
              data-ouia-component-id="Infrastructure title"
            >
              <div
                class="pf-v6-c-description-list__group"
              >
                <dt
                  class="pf-v6-c-description-list__term"
                >
                  <span
                    class="pf-v6-c-description-list__text"
                  >
                    Type
                  </span>
                </dt>
                <dd
                  aria-label="Type value"
                  class="pf-v6-c-description-list__description"
                  data-ouia-component-id="Type value"
                >
                  <div
                    class="pf-v6-c-description-list__text"
                  >
                    test-type
                  </div>
                </dd>
              </div>
              <div
                class="pf-v6-c-description-list__group"
              >
                <dt
                  class="pf-v6-c-description-list__term"
                >
                  <span
                    class="pf-v6-c-description-list__text"
                  >
                    Public IP
                  </span>
                </dt>
                <dd
                  aria-label="Public IP value"
                  class="pf-v6-c-description-list__description"
                  data-ouia-component-id="Public IP value"
                >
                  <div
                    class="pf-v6-c-description-list__text"
                  >
                    Not available
                  </div>
                </dd>
              </div>
              <div
                class="pf-v6-c-description-list__group"
              >
                <dt
                  class="pf-v6-c-description-list__term"
                >
                  <span
                    class="pf-v6-c-description-list__text"
                  >
                    IPv4 addresses
                  </span>
                </dt>
                <dd
                  aria-label="IPv4 addresses value"
                  class="pf-v6-c-description-list__description"
                  data-ouia-component-id="IPv4 addresses value"
                >
                  <div
                    class="pf-v6-c-description-list__text"
                  >
                    <div>
                      <a
                        href="localhost:3000/example/path/ipv4"
                      >
                        1 address
                      </a>
                    </div>
                  </div>
                </dd>
              </div>
              <div
                class="pf-v6-c-description-list__group"
              >
                <dt
                  class="pf-v6-c-description-list__term"
                >
                  <span
                    class="pf-v6-c-description-list__text"
                  >
                    IPv6 addresses
                  </span>
                </dt>
                <dd
                  aria-label="IPv6 addresses value"
                  class="pf-v6-c-description-list__description"
                  data-ouia-component-id="IPv6 addresses value"
                >
                  <div
                    class="pf-v6-c-description-list__text"
                  >
                    <div>
                      <a
                        href="localhost:3000/example/path/ipv6"
                      >
                        1 address
                      </a>
                    </div>
                  </div>
                </dd>
              </div>
              <div
                class="pf-v6-c-description-list__group"
              >
                <dt
                  class="pf-v6-c-description-list__term"
                >
                  <span
                    class="pf-v6-c-description-list__text"
                  >
                    FQDN
                  </span>
                </dt>
                <dd
                  aria-label="FQDN value"
                  class="pf-v6-c-description-list__description"
                  data-ouia-component-id="FQDN value"
                >
                  <div
                    class="pf-v6-c-description-list__text"
                  >
                    Not available
                  </div>
                </dd>
              </div>
              <div
                class="pf-v6-c-description-list__group"
              >
                <dt
                  class="pf-v6-c-description-list__term"
                >
                  <span
                    class="pf-v6-c-description-list__text"
                  >
                    Interfaces/NICs
                  </span>
                </dt>
                <dd
                  aria-label="Interfaces/NICs value"
                  class="pf-v6-c-description-list__description"
                  data-ouia-component-id="Interfaces/NICs value"
                >
                  <div
                    class="pf-v6-c-description-list__text"
                  >
                    <div>
                      <a
                        href="localhost:3000/example/path/interfaces"
                      >
                        1 NIC
                      </a>
                    </div>
                  </div>
                </dd>
              </div>
            </dl>
          </div>
        </div>
      </div>
    </div>
  </div>
</DocumentFragment>
`;

exports[`InfrastructureCard should render correctly - no data 1`] = `
<DocumentFragment>
  <div
    class="pf-v6-c-card pf-m-expanded"
    data-ouia-component-id="infrastructure-card"
    data-ouia-component-type="PF6/Card"
    data-ouia-safe="true"
    id=""
  >
    <div
      class="pf-v6-c-card__header"
    >
      <div
        class="pf-v6-c-card__header-toggle"
      >
        <button
          class="pf-v6-c-button pf-m-plain"
          data-ouia-component-id="OUIA-Generated-Button-plain-1"
          data-ouia-component-type="PF6/Button"
          data-ouia-safe="true"
          type="button"
        >
          <span
            class="pf-v6-c-button__icon"
          >
            <span
              class="pf-v6-c-card__header-toggle-icon"
            >
              <svg
                aria-hidden="true"
                class="pf-v6-svg"
                fill="currentColor"
                height="1em"
                role="img"
                viewBox="0 0 256 512"
                width="1em"
              >
                <path
                  d="M224.3 273l-136 136c-9.4 9.4-24.6 9.4-33.9 0l-22.6-22.6c-9.4-9.4-9.4-24.6 0-33.9l96.4-96.4-96.4-96.4c-9.4-9.4-9.4-24.6 0-33.9L54.3 103c9.4-9.4 24.6-9.4 33.9 0l136 136c9.5 9.4 9.5 24.6.1 34z"
                />
              </svg>
            </span>
          </span>
        </button>
      </div>
      <div
        class="pf-v6-c-card__header-main"
      >
        <div
          class="pf-v6-c-card__title"
        >
          <div
            class="pf-v6-c-card__title-text"
          >
            Infrastructure
          </div>
        </div>
      </div>
    </div>
    <div
      class="pf-v6-c-card__expandable-content"
    >
      <div
        class="pf-v6-c-card__body"
      >
        <div
          class="pf-v6-l-stack pf-m-gutter"
        >
          <div
            class="pf-v6-l-stack__item pf-m-fill"
          >
            <dl
              aria-label="Infrastructure title"
              class="pf-v6-c-description-list pf-m-2-col"
              data-ouia-component-id="Infrastructure title"
            >
              <div
                class="pf-v6-c-description-list__group"
              >
                <dt
                  class="pf-v6-c-description-list__term"
                >
                  <span
                    class="pf-v6-c-description-list__text"
                  >
                    Type
                  </span>
                </dt>
                <dd
                  aria-label="Type value"
                  class="pf-v6-c-description-list__description"
                  data-ouia-component-id="Type value"
                >
                  <div
                    class="pf-v6-c-description-list__text"
                  >
                    <div
                      class="pf-v6-c-skeleton ins-c-skeleton ins-c-skeleton__sm"
                    >
                      <span
                        class="pf-v6-screen-reader"
                      />
                    </div>
                  </div>
                </dd>
              </div>
              <div
                class="pf-v6-c-description-list__group"
              >
                <dt
                  class="pf-v6-c-description-list__term"
                >
                  <span
                    class="pf-v6-c-description-list__text"
                  >
                    Vendor
                  </span>
                </dt>
                <dd
                  aria-label="Vendor value"
                  class="pf-v6-c-description-list__description"
                  data-ouia-component-id="Vendor value"
                >
                  <div
                    class="pf-v6-c-description-list__text"
                  >
                    <div
                      class="pf-v6-c-skeleton ins-c-skeleton ins-c-skeleton__sm"
                    >
                      <span
                        class="pf-v6-screen-reader"
                      />
                    </div>
                  </div>
                </dd>
              </div>
              <div
                class="pf-v6-c-description-list__group"
              >
                <dt
                  class="pf-v6-c-description-list__term"
                >
                  <span
                    class="pf-v6-c-description-list__text"
                  >
                    Public IP
                  </span>
                </dt>
                <dd
                  aria-label="Public IP value"
                  class="pf-v6-c-description-list__description"
                  data-ouia-component-id="Public IP value"
                >
                  <div
                    class="pf-v6-c-description-list__text"
                  >
                    <div
                      class="pf-v6-c-skeleton ins-c-skeleton ins-c-skeleton__sm"
                    >
                      <span
                        class="pf-v6-screen-reader"
                      />
                    </div>
                  </div>
                </dd>
              </div>
              <div
                class="pf-v6-c-description-list__group"
              >
                <dt
                  class="pf-v6-c-description-list__term"
                >
                  <span
                    class="pf-v6-c-description-list__text"
                  >
                    IPv4 addresses
                  </span>
                </dt>
                <dd
                  aria-label="IPv4 addresses value"
                  class="pf-v6-c-description-list__description"
                  data-ouia-component-id="IPv4 addresses value"
                >
                  <div
                    class="pf-v6-c-description-list__text"
                  >
                    <div
                      class="pf-v6-c-skeleton ins-c-skeleton ins-c-skeleton__sm"
                    >
                      <span
                        class="pf-v6-screen-reader"
                      />
                    </div>
                  </div>
                </dd>
              </div>
              <div
                class="pf-v6-c-description-list__group"
              >
                <dt
                  class="pf-v6-c-description-list__term"
                >
                  <span
                    class="pf-v6-c-description-list__text"
                  >
                    IPv6 addresses
                  </span>
                </dt>
                <dd
                  aria-label="IPv6 addresses value"
                  class="pf-v6-c-description-list__description"
                  data-ouia-component-id="IPv6 addresses value"
                >
                  <div
                    class="pf-v6-c-description-list__text"
                  >
                    <div
                      class="pf-v6-c-skeleton ins-c-skeleton ins-c-skeleton__sm"
                    >
                      <span
                        class="pf-v6-screen-reader"
                      />
                    </div>
                  </div>
                </dd>
              </div>
              <div
                class="pf-v6-c-description-list__group"
              >
                <dt
                  class="pf-v6-c-description-list__term"
                >
                  <span
                    class="pf-v6-c-description-list__text"
                  >
                    FQDN
                  </span>
                </dt>
                <dd
                  aria-label="FQDN value"
                  class="pf-v6-c-description-list__description"
                  data-ouia-component-id="FQDN value"
                >
                  <div
                    class="pf-v6-c-description-list__text"
                  >
                    <div
                      class="pf-v6-c-skeleton ins-c-skeleton ins-c-skeleton__sm"
                    >
                      <span
                        class="pf-v6-screen-reader"
                      />
                    </div>
                  </div>
                </dd>
              </div>
              <div
                class="pf-v6-c-description-list__group"
              >
                <dt
                  class="pf-v6-c-description-list__term"
                >
                  <span
                    class="pf-v6-c-description-list__text"
                  >
                    Interfaces/NICs
                  </span>
                </dt>
                <dd
                  aria-label="Interfaces/NICs value"
                  class="pf-v6-c-description-list__description"
                  data-ouia-component-id="Interfaces/NICs value"
                >
                  <div
                    class="pf-v6-c-description-list__text"
                  >
                    <div
                      class="pf-v6-c-skeleton ins-c-skeleton ins-c-skeleton__sm"
                    >
                      <span
                        class="pf-v6-screen-reader"
                      />
                    </div>
                  </div>
                </dd>
              </div>
            </dl>
          </div>
        </div>
      </div>
    </div>
  </div>
</DocumentFragment>
`;

exports[`InfrastructureCard should render correctly with data 1`] = `
<DocumentFragment>
  <div
    class="pf-v6-c-card pf-m-expanded"
    data-ouia-component-id="infrastructure-card"
    data-ouia-component-type="PF6/Card"
    data-ouia-safe="true"
    id=""
  >
    <div
      class="pf-v6-c-card__header"
    >
      <div
        class="pf-v6-c-card__header-toggle"
      >
        <button
          class="pf-v6-c-button pf-m-plain"
          data-ouia-component-id="OUIA-Generated-Button-plain-2"
          data-ouia-component-type="PF6/Button"
          data-ouia-safe="true"
          type="button"
        >
          <span
            class="pf-v6-c-button__icon"
          >
            <span
              class="pf-v6-c-card__header-toggle-icon"
            >
              <svg
                aria-hidden="true"
                class="pf-v6-svg"
                fill="currentColor"
                height="1em"
                role="img"
                viewBox="0 0 256 512"
                width="1em"
              >
                <path
                  d="M224.3 273l-136 136c-9.4 9.4-24.6 9.4-33.9 0l-22.6-22.6c-9.4-9.4-9.4-24.6 0-33.9l96.4-96.4-96.4-96.4c-9.4-9.4-9.4-24.6 0-33.9L54.3 103c9.4-9.4 24.6-9.4 33.9 0l136 136c9.5 9.4 9.5 24.6.1 34z"
                />
              </svg>
            </span>
          </span>
        </button>
      </div>
      <div
        class="pf-v6-c-card__header-main"
      >
        <div
          class="pf-v6-c-card__title"
        >
          <div
            class="pf-v6-c-card__title-text"
          >
            Infrastructure
          </div>
        </div>
      </div>
    </div>
    <div
      class="pf-v6-c-card__expandable-content"
    >
      <div
        class="pf-v6-c-card__body"
      >
        <div
          class="pf-v6-l-stack pf-m-gutter"
        >
          <div
            class="pf-v6-l-stack__item pf-m-fill"
          >
            <dl
              aria-label="Infrastructure title"
              class="pf-v6-c-description-list pf-m-2-col"
              data-ouia-component-id="Infrastructure title"
            >
              <div
                class="pf-v6-c-description-list__group"
              >
                <dt
                  class="pf-v6-c-description-list__term"
                >
                  <span
                    class="pf-v6-c-description-list__text"
                  >
                    Type
                  </span>
                </dt>
                <dd
                  aria-label="Type value"
                  class="pf-v6-c-description-list__description"
                  data-ouia-component-id="Type value"
                >
                  <div
                    class="pf-v6-c-description-list__text"
                  >
                    test-type
                  </div>
                </dd>
              </div>
              <div
                class="pf-v6-c-description-list__group"
              >
                <dt
                  class="pf-v6-c-description-list__term"
                >
                  <span
                    class="pf-v6-c-description-list__text"
                  >
                    Vendor
                  </span>
                </dt>
                <dd
                  aria-label="Vendor value"
                  class="pf-v6-c-description-list__description"
                  data-ouia-component-id="Vendor value"
                >
                  <div
                    class="pf-v6-c-description-list__text"
                  >
                    test-vendor
                  </div>
                </dd>
              </div>
              <div
                class="pf-v6-c-description-list__group"
              >
                <dt
                  class="pf-v6-c-description-list__term"
                >
                  <span
                    class="pf-v6-c-description-list__text"
                  >
                    Public IP
                  </span>
                </dt>
                <dd
                  aria-label="Public IP value"
                  class="pf-v6-c-description-list__description"
                  data-ouia-component-id="Public IP value"
                >
                  <div
                    class="pf-v6-c-description-list__text"
                  >
                    Not available
                  </div>
                </dd>
              </div>
              <div
                class="pf-v6-c-description-list__group"
              >
                <dt
                  class="pf-v6-c-description-list__term"
                >
                  <span
                    class="pf-v6-c-description-list__text"
                  >
                    IPv4 addresses
                  </span>
                </dt>
                <dd
                  aria-label="IPv4 addresses value"
                  class="pf-v6-c-description-list__description"
                  data-ouia-component-id="IPv4 addresses value"
                >
                  <div
                    class="pf-v6-c-description-list__text"
                  >
                    <div>
                      <a
                        href="localhost:3000/example/path/ipv4"
                      >
                        1 address
                      </a>
                    </div>
                  </div>
                </dd>
              </div>
              <div
                class="pf-v6-c-description-list__group"
              >
                <dt
                  class="pf-v6-c-description-list__term"
                >
                  <span
                    class="pf-v6-c-description-list__text"
                  >
                    IPv6 addresses
                  </span>
                </dt>
                <dd
                  aria-label="IPv6 addresses value"
                  class="pf-v6-c-description-list__description"
                  data-ouia-component-id="IPv6 addresses value"
                >
                  <div
                    class="pf-v6-c-description-list__text"
                  >
                    <div>
                      <a
                        href="localhost:3000/example/path/ipv6"
                      >
                        1 address
                      </a>
                    </div>
                  </div>
                </dd>
              </div>
              <div
                class="pf-v6-c-description-list__group"
              >
                <dt
                  class="pf-v6-c-description-list__term"
                >
                  <span
                    class="pf-v6-c-description-list__text"
                  >
                    FQDN
                  </span>
                </dt>
                <dd
                  aria-label="FQDN value"
                  class="pf-v6-c-description-list__description"
                  data-ouia-component-id="FQDN value"
                >
                  <div
                    class="pf-v6-c-description-list__text"
                  >
                    Not available
                  </div>
                </dd>
              </div>
              <div
                class="pf-v6-c-description-list__group"
              >
                <dt
                  class="pf-v6-c-description-list__term"
                >
                  <span
                    class="pf-v6-c-description-list__text"
                  >
                    Interfaces/NICs
                  </span>
                </dt>
                <dd
                  aria-label="Interfaces/NICs value"
                  class="pf-v6-c-description-list__description"
                  data-ouia-component-id="Interfaces/NICs value"
                >
                  <div
                    class="pf-v6-c-description-list__text"
                  >
                    <div>
                      <a
                        href="localhost:3000/example/path/interfaces"
                      >
                        1 NIC
                      </a>
                    </div>
                  </div>
                </dd>
              </div>
            </dl>
          </div>
        </div>
      </div>
    </div>
  </div>
</DocumentFragment>
`;

exports[`InfrastructureCard should render correctly with rhsm facts 1`] = `
<DocumentFragment>
  <div
    class="pf-v6-c-card pf-m-expanded"
    data-ouia-component-id="infrastructure-card"
    data-ouia-component-type="PF6/Card"
    data-ouia-safe="true"
    id=""
  >
    <div
      class="pf-v6-c-card__header"
    >
      <div
        class="pf-v6-c-card__header-toggle"
      >
        <button
          class="pf-v6-c-button pf-m-plain"
          data-ouia-component-id="OUIA-Generated-Button-plain-3"
          data-ouia-component-type="PF6/Button"
          data-ouia-safe="true"
          type="button"
        >
          <span
            class="pf-v6-c-button__icon"
          >
            <span
              class="pf-v6-c-card__header-toggle-icon"
            >
              <svg
                aria-hidden="true"
                class="pf-v6-svg"
                fill="currentColor"
                height="1em"
                role="img"
                viewBox="0 0 256 512"
                width="1em"
              >
                <path
                  d="M224.3 273l-136 136c-9.4 9.4-24.6 9.4-33.9 0l-22.6-22.6c-9.4-9.4-9.4-24.6 0-33.9l96.4-96.4-96.4-96.4c-9.4-9.4-9.4-24.6 0-33.9L54.3 103c9.4-9.4 24.6-9.4 33.9 0l136 136c9.5 9.4 9.5 24.6.1 34z"
                />
              </svg>
            </span>
          </span>
        </button>
      </div>
      <div
        class="pf-v6-c-card__header-main"
      >
        <div
          class="pf-v6-c-card__title"
        >
          <div
            class="pf-v6-c-card__title-text"
          >
            Infrastructure
          </div>
        </div>
      </div>
    </div>
    <div
      class="pf-v6-c-card__expandable-content"
    >
      <div
        class="pf-v6-c-card__body"
      >
        <div
          class="pf-v6-l-stack pf-m-gutter"
        >
          <div
            class="pf-v6-l-stack__item pf-m-fill"
          >
            <dl
              aria-label="Infrastructure title"
              class="pf-v6-c-description-list pf-m-2-col"
              data-ouia-component-id="Infrastructure title"
            >
              <div
                class="pf-v6-c-description-list__group"
              >
                <dt
                  class="pf-v6-c-description-list__term"
                >
                  <span
                    class="pf-v6-c-description-list__text"
                  >
                    Type
                  </span>
                </dt>
                <dd
                  aria-label="Type value"
                  class="pf-v6-c-description-list__description"
                  data-ouia-component-id="Type value"
                >
                  <div
                    class="pf-v6-c-description-list__text"
                  >
                    virtual
                  </div>
                </dd>
              </div>
              <div
                class="pf-v6-c-description-list__group"
              >
                <dt
                  class="pf-v6-c-description-list__term"
                >
                  <span
                    class="pf-v6-c-description-list__text"
                  >
                    Vendor
                  </span>
                </dt>
                <dd
                  aria-label="Vendor value"
                  class="pf-v6-c-description-list__description"
                  data-ouia-component-id="Vendor value"
                >
                  <div
                    class="pf-v6-c-description-list__text"
                  >
                    Not available
                  </div>
                </dd>
              </div>
              <div
                class="pf-v6-c-description-list__group"
              >
                <dt
                  class="pf-v6-c-description-list__term"
                >
                  <span
                    class="pf-v6-c-description-list__text"
                  >
                    Public IP
                  </span>
                </dt>
                <dd
                  aria-label="Public IP value"
                  class="pf-v6-c-description-list__description"
                  data-ouia-component-id="Public IP value"
                >
                  <div
                    class="pf-v6-c-description-list__text"
                  >
                    Not available
                  </div>
                </dd>
              </div>
              <div
                class="pf-v6-c-description-list__group"
              >
                <dt
                  class="pf-v6-c-description-list__term"
                >
                  <span
                    class="pf-v6-c-description-list__text"
                  >
                    IPv4 addresses
                  </span>
                </dt>
                <dd
                  aria-label="IPv4 addresses value"
                  class="pf-v6-c-description-list__description"
                  data-ouia-component-id="IPv4 addresses value"
                >
                  <div
                    class="pf-v6-c-description-list__text"
                  >
                    Not available
                  </div>
                </dd>
              </div>
              <div
                class="pf-v6-c-description-list__group"
              >
                <dt
                  class="pf-v6-c-description-list__term"
                >
                  <span
                    class="pf-v6-c-description-list__text"
                  >
                    IPv6 addresses
                  </span>
                </dt>
                <dd
                  aria-label="IPv6 addresses value"
                  class="pf-v6-c-description-list__description"
                  data-ouia-component-id="IPv6 addresses value"
                >
                  <div
                    class="pf-v6-c-description-list__text"
                  >
                    Not available
                  </div>
                </dd>
              </div>
              <div
                class="pf-v6-c-description-list__group"
              >
                <dt
                  class="pf-v6-c-description-list__term"
                >
                  <span
                    class="pf-v6-c-description-list__text"
                  >
                    FQDN
                  </span>
                </dt>
                <dd
                  aria-label="FQDN value"
                  class="pf-v6-c-description-list__description"
                  data-ouia-component-id="FQDN value"
                >
                  <div
                    class="pf-v6-c-description-list__text"
                  >
                    Not available
                  </div>
                </dd>
              </div>
              <div
                class="pf-v6-c-description-list__group"
              >
                <dt
                  class="pf-v6-c-description-list__term"
                >
                  <span
                    class="pf-v6-c-description-list__text"
                  >
                    Interfaces/NICs
                  </span>
                </dt>
                <dd
                  aria-label="Interfaces/NICs value"
                  class="pf-v6-c-description-list__description"
                  data-ouia-component-id="Interfaces/NICs value"
                >
                  <div
                    class="pf-v6-c-description-list__text"
                  >
                    Not available
                  </div>
                </dd>
              </div>
            </dl>
          </div>
        </div>
      </div>
    </div>
  </div>
</DocumentFragment>
`;

exports[`InfrastructureCard should render enabled/disabled 1`] = `
<DocumentFragment>
  <div
    class="pf-v6-c-card pf-m-expanded"
    data-ouia-component-id="infrastructure-card"
    data-ouia-component-type="PF6/Card"
    data-ouia-safe="true"
    id=""
  >
    <div
      class="pf-v6-c-card__header"
    >
      <div
        class="pf-v6-c-card__header-toggle"
      >
        <button
          class="pf-v6-c-button pf-m-plain"
          data-ouia-component-id="OUIA-Generated-Button-plain-4"
          data-ouia-component-type="PF6/Button"
          data-ouia-safe="true"
          type="button"
        >
          <span
            class="pf-v6-c-button__icon"
          >
            <span
              class="pf-v6-c-card__header-toggle-icon"
            >
              <svg
                aria-hidden="true"
                class="pf-v6-svg"
                fill="currentColor"
                height="1em"
                role="img"
                viewBox="0 0 256 512"
                width="1em"
              >
                <path
                  d="M224.3 273l-136 136c-9.4 9.4-24.6 9.4-33.9 0l-22.6-22.6c-9.4-9.4-9.4-24.6 0-33.9l96.4-96.4-96.4-96.4c-9.4-9.4-9.4-24.6 0-33.9L54.3 103c9.4-9.4 24.6-9.4 33.9 0l136 136c9.5 9.4 9.5 24.6.1 34z"
                />
              </svg>
            </span>
          </span>
        </button>
      </div>
      <div
        class="pf-v6-c-card__header-main"
      >
        <div
          class="pf-v6-c-card__title"
        >
          <div
            class="pf-v6-c-card__title-text"
          >
            Infrastructure
          </div>
        </div>
      </div>
    </div>
    <div
      class="pf-v6-c-card__expandable-content"
    >
      <div
        class="pf-v6-c-card__body"
      >
        <div
          class="pf-v6-l-stack pf-m-gutter"
        >
          <div
            class="pf-v6-l-stack__item pf-m-fill"
          >
            <dl
              aria-label="Infrastructure title"
              class="pf-v6-c-description-list pf-m-2-col"
              data-ouia-component-id="Infrastructure title"
            >
              <div
                class="pf-v6-c-description-list__group"
              >
                <dt
                  class="pf-v6-c-description-list__term"
                >
                  <span
                    class="pf-v6-c-description-list__text"
                  >
                    Type
                  </span>
                </dt>
                <dd
                  aria-label="Type value"
                  class="pf-v6-c-description-list__description"
                  data-ouia-component-id="Type value"
                >
                  <div
                    class="pf-v6-c-description-list__text"
                  >
                    test-type
                  </div>
                </dd>
              </div>
              <div
                class="pf-v6-c-description-list__group"
              >
                <dt
                  class="pf-v6-c-description-list__term"
                >
                  <span
                    class="pf-v6-c-description-list__text"
                  >
                    Vendor
                  </span>
                </dt>
                <dd
                  aria-label="Vendor value"
                  class="pf-v6-c-description-list__description"
                  data-ouia-component-id="Vendor value"
                >
                  <div
                    class="pf-v6-c-description-list__text"
                  >
                    test-vendor
                  </div>
                </dd>
              </div>
              <div
                class="pf-v6-c-description-list__group"
              >
                <dt
                  class="pf-v6-c-description-list__term"
                >
                  <span
                    class="pf-v6-c-description-list__text"
                  >
                    Public IP
                  </span>
                </dt>
                <dd
                  aria-label="Public IP value"
                  class="pf-v6-c-description-list__description"
                  data-ouia-component-id="Public IP value"
                >
                  <div
                    class="pf-v6-c-description-list__text"
                  >
                    Not available
                  </div>
                </dd>
              </div>
              <div
                class="pf-v6-c-description-list__group"
              >
                <dt
                  class="pf-v6-c-description-list__term"
                >
                  <span
                    class="pf-v6-c-description-list__text"
                  >
                    IPv4 addresses
                  </span>
                </dt>
                <dd
                  aria-label="IPv4 addresses value"
                  class="pf-v6-c-description-list__description"
                  data-ouia-component-id="IPv4 addresses value"
                >
                  <div
                    class="pf-v6-c-description-list__text"
                  >
                    <div>
                      <a
                        href="localhost:3000/example/path/ipv4"
                      >
                        1 address
                      </a>
                    </div>
                  </div>
                </dd>
              </div>
              <div
                class="pf-v6-c-description-list__group"
              >
                <dt
                  class="pf-v6-c-description-list__term"
                >
                  <span
                    class="pf-v6-c-description-list__text"
                  >
                    IPv6 addresses
                  </span>
                </dt>
                <dd
                  aria-label="IPv6 addresses value"
                  class="pf-v6-c-description-list__description"
                  data-ouia-component-id="IPv6 addresses value"
                >
                  <div
                    class="pf-v6-c-description-list__text"
                  >
                    <div>
                      <a
                        href="localhost:3000/example/path/ipv6"
                      >
                        1 address
                      </a>
                    </div>
                  </div>
                </dd>
              </div>
              <div
                class="pf-v6-c-description-list__group"
              >
                <dt
                  class="pf-v6-c-description-list__term"
                >
                  <span
                    class="pf-v6-c-description-list__text"
                  >
                    FQDN
                  </span>
                </dt>
                <dd
                  aria-label="FQDN value"
                  class="pf-v6-c-description-list__description"
                  data-ouia-component-id="FQDN value"
                >
                  <div
                    class="pf-v6-c-description-list__text"
                  >
                    Not available
                  </div>
                </dd>
              </div>
              <div
                class="pf-v6-c-description-list__group"
              >
                <dt
                  class="pf-v6-c-description-list__term"
                >
                  <span
                    class="pf-v6-c-description-list__text"
                  >
                    Interfaces/NICs
                  </span>
                </dt>
                <dd
                  aria-label="Interfaces/NICs value"
                  class="pf-v6-c-description-list__description"
                  data-ouia-component-id="Interfaces/NICs value"
                >
                  <div
                    class="pf-v6-c-description-list__text"
                  >
                    <div>
                      <a
                        href="localhost:3000/example/path/interfaces"
                      >
                        1 NIC
                      </a>
                    </div>
                  </div>
                </dd>
              </div>
            </dl>
          </div>
        </div>
      </div>
    </div>
  </div>
</DocumentFragment>
`;

exports[`InfrastructureCard should render extra 1`] = `
<DocumentFragment>
  <div
    class="pf-v6-c-card pf-m-expanded"
    data-ouia-component-id="infrastructure-card"
    data-ouia-component-type="PF6/Card"
    data-ouia-safe="true"
    id=""
  >
    <div
      class="pf-v6-c-card__header"
    >
      <div
        class="pf-v6-c-card__header-toggle"
      >
        <button
          class="pf-v6-c-button pf-m-plain"
          data-ouia-component-id="OUIA-Generated-Button-plain-13"
          data-ouia-component-type="PF6/Button"
          data-ouia-safe="true"
          type="button"
        >
          <span
            class="pf-v6-c-button__icon"
          >
            <span
              class="pf-v6-c-card__header-toggle-icon"
            >
              <svg
                aria-hidden="true"
                class="pf-v6-svg"
                fill="currentColor"
                height="1em"
                role="img"
                viewBox="0 0 256 512"
                width="1em"
              >
                <path
                  d="M224.3 273l-136 136c-9.4 9.4-24.6 9.4-33.9 0l-22.6-22.6c-9.4-9.4-9.4-24.6 0-33.9l96.4-96.4-96.4-96.4c-9.4-9.4-9.4-24.6 0-33.9L54.3 103c9.4-9.4 24.6-9.4 33.9 0l136 136c9.5 9.4 9.5 24.6.1 34z"
                />
              </svg>
            </span>
          </span>
        </button>
      </div>
      <div
        class="pf-v6-c-card__header-main"
      >
        <div
          class="pf-v6-c-card__title"
        >
          <div
            class="pf-v6-c-card__title-text"
          >
            Infrastructure
          </div>
        </div>
      </div>
    </div>
    <div
      class="pf-v6-c-card__expandable-content"
    >
      <div
        class="pf-v6-c-card__body"
      >
        <div
          class="pf-v6-l-stack pf-m-gutter"
        >
          <div
            class="pf-v6-l-stack__item pf-m-fill"
          >
            <dl
              aria-label="Infrastructure title"
              class="pf-v6-c-description-list pf-m-2-col"
              data-ouia-component-id="Infrastructure title"
            >
              <div
                class="pf-v6-c-description-list__group"
              >
                <dt
                  class="pf-v6-c-description-list__term"
                >
                  <span
                    class="pf-v6-c-description-list__text"
                  >
                    Type
                  </span>
                </dt>
                <dd
                  aria-label="Type value"
                  class="pf-v6-c-description-list__description"
                  data-ouia-component-id="Type value"
                >
                  <div
                    class="pf-v6-c-description-list__text"
                  >
                    test-type
                  </div>
                </dd>
              </div>
              <div
                class="pf-v6-c-description-list__group"
              >
                <dt
                  class="pf-v6-c-description-list__term"
                >
                  <span
                    class="pf-v6-c-description-list__text"
                  >
                    Vendor
                  </span>
                </dt>
                <dd
                  aria-label="Vendor value"
                  class="pf-v6-c-description-list__description"
                  data-ouia-component-id="Vendor value"
                >
                  <div
                    class="pf-v6-c-description-list__text"
                  >
                    test-vendor
                  </div>
                </dd>
              </div>
              <div
                class="pf-v6-c-description-list__group"
              >
                <dt
                  class="pf-v6-c-description-list__term"
                >
                  <span
                    class="pf-v6-c-description-list__text"
                  >
                    Public IP
                  </span>
                </dt>
                <dd
                  aria-label="Public IP value"
                  class="pf-v6-c-description-list__description"
                  data-ouia-component-id="Public IP value"
                >
                  <div
                    class="pf-v6-c-description-list__text"
                  >
                    Not available
                  </div>
                </dd>
              </div>
              <div
                class="pf-v6-c-description-list__group"
              >
                <dt
                  class="pf-v6-c-description-list__term"
                >
                  <span
                    class="pf-v6-c-description-list__text"
                  >
                    IPv4 addresses
                  </span>
                </dt>
                <dd
                  aria-label="IPv4 addresses value"
                  class="pf-v6-c-description-list__description"
                  data-ouia-component-id="IPv4 addresses value"
                >
                  <div
                    class="pf-v6-c-description-list__text"
                  >
                    <div>
                      <a
                        href="localhost:3000/example/path/ipv4"
                      >
                        1 address
                      </a>
                    </div>
                  </div>
                </dd>
              </div>
              <div
                class="pf-v6-c-description-list__group"
              >
                <dt
                  class="pf-v6-c-description-list__term"
                >
                  <span
                    class="pf-v6-c-description-list__text"
                  >
                    IPv6 addresses
                  </span>
                </dt>
                <dd
                  aria-label="IPv6 addresses value"
                  class="pf-v6-c-description-list__description"
                  data-ouia-component-id="IPv6 addresses value"
                >
                  <div
                    class="pf-v6-c-description-list__text"
                  >
                    <div>
                      <a
                        href="localhost:3000/example/path/ipv6"
                      >
                        1 address
                      </a>
                    </div>
                  </div>
                </dd>
              </div>
              <div
                class="pf-v6-c-description-list__group"
              >
                <dt
                  class="pf-v6-c-description-list__term"
                >
                  <span
                    class="pf-v6-c-description-list__text"
                  >
                    FQDN
                  </span>
                </dt>
                <dd
                  aria-label="FQDN value"
                  class="pf-v6-c-description-list__description"
                  data-ouia-component-id="FQDN value"
                >
                  <div
                    class="pf-v6-c-description-list__text"
                  >
                    Not available
                  </div>
                </dd>
              </div>
              <div
                class="pf-v6-c-description-list__group"
              >
                <dt
                  class="pf-v6-c-description-list__term"
                >
                  <span
                    class="pf-v6-c-description-list__text"
                  >
                    Interfaces/NICs
                  </span>
                </dt>
                <dd
                  aria-label="Interfaces/NICs value"
                  class="pf-v6-c-description-list__description"
                  data-ouia-component-id="Interfaces/NICs value"
                >
                  <div
                    class="pf-v6-c-description-list__text"
                  >
                    <div>
                      <a
                        href="localhost:3000/example/path/interfaces"
                      >
                        1 NIC
                      </a>
                    </div>
                  </div>
                </dd>
              </div>
              <div
                class="pf-v6-c-description-list__group"
              >
                <dt
                  class="pf-v6-c-description-list__term"
                >
                  <span
                    class="pf-v6-c-description-list__text"
                  >
                    something
                  </span>
                </dt>
                <dd
                  aria-label="something value"
                  class="pf-v6-c-description-list__description"
                  data-ouia-component-id="something value"
                >
                  <div
                    class="pf-v6-c-description-list__text"
                  >
                    test
                  </div>
                </dd>
              </div>
              <div
                class="pf-v6-c-description-list__group"
              >
                <dt
                  class="pf-v6-c-description-list__term"
                >
                  <span
                    class="pf-v6-c-description-list__text"
                  >
                    with click
                  </span>
                </dt>
                <dd
                  aria-label="with click value"
                  class="pf-v6-c-description-list__description"
                  data-ouia-component-id="with click value"
                >
                  <div
                    class="pf-v6-c-description-list__text"
                  >
                    <div>
                      <a
                        href="localhost:3000/example/path/undefined"
                      >
                        1 tests
                      </a>
                    </div>
                  </div>
                </dd>
              </div>
            </dl>
          </div>
        </div>
      </div>
    </div>
  </div>
</DocumentFragment>
`;
