// Jest Snapshot v1, https://goo.gl/fbAQLP

exports[`InfrastructureCard should not render hasIPv4 1`] = `
<DocumentFragment>
  <div
    class="pf-v6-c-card"
    data-ouia-component-id="infrastructure-card"
    data-ouia-component-type="PF6/Card"
    data-ouia-safe="true"
    id=""
  >
    <div
      class="pf-v6-c-card__body"
    >
      <div
        class="pf-v6-l-stack pf-m-gutter"
      >
        <div
          class="pf-v6-l-stack__item"
        >
          <div
            class="pf-v6-c-content"
            data-ouia-component-id="OUIA-Generated-Content-28"
            data-ouia-component-type="PF6/Content"
            data-ouia-safe="true"
            data-pf-content="true"
          >
            <h1
              class="pf-v6-c-content--h1"
              data-ouia-component-id="SystemPropertiesCardTitle"
              data-ouia-component-type="PF6/Content"
              data-ouia-safe="true"
              data-pf-content="true"
            >
              Infrastructure
            </h1>
          </div>
        </div>
        <div
          class="pf-v6-l-stack__item pf-m-fill"
        >
          <div
            class="pf-v6-c-content"
            data-ouia-component-id="OUIA-Generated-Content-30"
            data-ouia-component-type="PF6/Content"
            data-ouia-safe="true"
            data-pf-content="true"
          >
            <dl
              aria-label="Infrastructure title"
              class="pf-v6-c-description-list pf-m-horizontal pf-m-auto-fit"
              data-ouia-component-id="Infrastructure title"
              style="--pf-v6-c-description-list--m-horizontal__term--width: 20ch;"
            >
              <div
                class="pf-v6-c-description-list__group"
              >
                <dt
                  class="pf-v6-c-description-list__term"
                >
                  <span
                    class="pf-v6-c-description-list__text"
                  >
                    Type
                  </span>
                </dt>
                <dd
                  aria-label="Type value"
                  class="pf-v6-c-description-list__description"
                  data-ouia-component-id="Type value"
                >
                  <div
                    class="pf-v6-c-description-list__text"
                  >
                    test-type
                  </div>
                </dd>
                <dt
                  class="pf-v6-c-description-list__term"
                >
                  <span
                    class="pf-v6-c-description-list__text"
                  >
                    Vendor
                  </span>
                </dt>
                <dd
                  aria-label="Vendor value"
                  class="pf-v6-c-description-list__description"
                  data-ouia-component-id="Vendor value"
                >
                  <div
                    class="pf-v6-c-description-list__text"
                  >
                    test-vendor
                  </div>
                </dd>
                <dt
                  class="pf-v6-c-description-list__term"
                >
                  <span
                    class="pf-v6-c-description-list__text"
                  >
                    Public IP
                  </span>
                </dt>
                <dd
                  aria-label="Public IP value"
                  class="pf-v6-c-description-list__description"
                  data-ouia-component-id="Public IP value"
                >
                  <div
                    class="pf-v6-c-description-list__text"
                  >
                    Not available
                  </div>
                </dd>
                <dt
                  class="pf-v6-c-description-list__term"
                >
                  <span
                    class="pf-v6-c-description-list__text"
                  >
                    IPv6 addresses
                  </span>
                </dt>
                <dd
                  aria-label="IPv6 addresses value"
                  class="pf-v6-c-description-list__description"
                  data-ouia-component-id="IPv6 addresses value"
                >
                  <div
                    class="pf-v6-c-description-list__text"
                  >
                    <div>
                      <a
                        href="localhost:3000/example/path/ipv6"
                      >
                        1 address
                      </a>
                    </div>
                  </div>
                </dd>
                <dt
                  class="pf-v6-c-description-list__term"
                >
                  <span
                    class="pf-v6-c-description-list__text"
                  >
                    FQDN
                  </span>
                </dt>
                <dd
                  aria-label="FQDN value"
                  class="pf-v6-c-description-list__description"
                  data-ouia-component-id="FQDN value"
                >
                  <div
                    class="pf-v6-c-description-list__text"
                  >
                    Not available
                  </div>
                </dd>
                <dt
                  class="pf-v6-c-description-list__term"
                >
                  <span
                    class="pf-v6-c-description-list__text"
                  >
                    Interfaces/NICs
                  </span>
                </dt>
                <dd
                  aria-label="Interfaces/NICs value"
                  class="pf-v6-c-description-list__description"
                  data-ouia-component-id="Interfaces/NICs value"
                >
                  <div
                    class="pf-v6-c-description-list__text"
                  >
                    <div>
                      <a
                        href="localhost:3000/example/path/interfaces"
                      >
                        1 NIC
                      </a>
                    </div>
                  </div>
                </dd>
              </div>
            </dl>
          </div>
        </div>
      </div>
    </div>
  </div>
</DocumentFragment>
`;

exports[`InfrastructureCard should not render hasIPv6 1`] = `
<DocumentFragment>
  <div
    class="pf-v6-c-card"
    data-ouia-component-id="infrastructure-card"
    data-ouia-component-type="PF6/Card"
    data-ouia-safe="true"
    id=""
  >
    <div
      class="pf-v6-c-card__body"
    >
      <div
        class="pf-v6-l-stack pf-m-gutter"
      >
        <div
          class="pf-v6-l-stack__item"
        >
          <div
            class="pf-v6-c-content"
            data-ouia-component-id="OUIA-Generated-Content-31"
            data-ouia-component-type="PF6/Content"
            data-ouia-safe="true"
            data-pf-content="true"
          >
            <h1
              class="pf-v6-c-content--h1"
              data-ouia-component-id="SystemPropertiesCardTitle"
              data-ouia-component-type="PF6/Content"
              data-ouia-safe="true"
              data-pf-content="true"
            >
              Infrastructure
            </h1>
          </div>
        </div>
        <div
          class="pf-v6-l-stack__item pf-m-fill"
        >
          <div
            class="pf-v6-c-content"
            data-ouia-component-id="OUIA-Generated-Content-33"
            data-ouia-component-type="PF6/Content"
            data-ouia-safe="true"
            data-pf-content="true"
          >
            <dl
              aria-label="Infrastructure title"
              class="pf-v6-c-description-list pf-m-horizontal pf-m-auto-fit"
              data-ouia-component-id="Infrastructure title"
              style="--pf-v6-c-description-list--m-horizontal__term--width: 20ch;"
            >
              <div
                class="pf-v6-c-description-list__group"
              >
                <dt
                  class="pf-v6-c-description-list__term"
                >
                  <span
                    class="pf-v6-c-description-list__text"
                  >
                    Type
                  </span>
                </dt>
                <dd
                  aria-label="Type value"
                  class="pf-v6-c-description-list__description"
                  data-ouia-component-id="Type value"
                >
                  <div
                    class="pf-v6-c-description-list__text"
                  >
                    test-type
                  </div>
                </dd>
                <dt
                  class="pf-v6-c-description-list__term"
                >
                  <span
                    class="pf-v6-c-description-list__text"
                  >
                    Vendor
                  </span>
                </dt>
                <dd
                  aria-label="Vendor value"
                  class="pf-v6-c-description-list__description"
                  data-ouia-component-id="Vendor value"
                >
                  <div
                    class="pf-v6-c-description-list__text"
                  >
                    test-vendor
                  </div>
                </dd>
                <dt
                  class="pf-v6-c-description-list__term"
                >
                  <span
                    class="pf-v6-c-description-list__text"
                  >
                    Public IP
                  </span>
                </dt>
                <dd
                  aria-label="Public IP value"
                  class="pf-v6-c-description-list__description"
                  data-ouia-component-id="Public IP value"
                >
                  <div
                    class="pf-v6-c-description-list__text"
                  >
                    Not available
                  </div>
                </dd>
                <dt
                  class="pf-v6-c-description-list__term"
                >
                  <span
                    class="pf-v6-c-description-list__text"
                  >
                    IPv4 addresses
                  </span>
                </dt>
                <dd
                  aria-label="IPv4 addresses value"
                  class="pf-v6-c-description-list__description"
                  data-ouia-component-id="IPv4 addresses value"
                >
                  <div
                    class="pf-v6-c-description-list__text"
                  >
                    <div>
                      <a
                        href="localhost:3000/example/path/ipv4"
                      >
                        1 address
                      </a>
                    </div>
                  </div>
                </dd>
                <dt
                  class="pf-v6-c-description-list__term"
                >
                  <span
                    class="pf-v6-c-description-list__text"
                  >
                    FQDN
                  </span>
                </dt>
                <dd
                  aria-label="FQDN value"
                  class="pf-v6-c-description-list__description"
                  data-ouia-component-id="FQDN value"
                >
                  <div
                    class="pf-v6-c-description-list__text"
                  >
                    Not available
                  </div>
                </dd>
                <dt
                  class="pf-v6-c-description-list__term"
                >
                  <span
                    class="pf-v6-c-description-list__text"
                  >
                    Interfaces/NICs
                  </span>
                </dt>
                <dd
                  aria-label="Interfaces/NICs value"
                  class="pf-v6-c-description-list__description"
                  data-ouia-component-id="Interfaces/NICs value"
                >
                  <div
                    class="pf-v6-c-description-list__text"
                  >
                    <div>
                      <a
                        href="localhost:3000/example/path/interfaces"
                      >
                        1 NIC
                      </a>
                    </div>
                  </div>
                </dd>
              </div>
            </dl>
          </div>
        </div>
      </div>
    </div>
  </div>
</DocumentFragment>
`;

exports[`InfrastructureCard should not render hasInterfaces 1`] = `
<DocumentFragment>
  <div
    class="pf-v6-c-card"
    data-ouia-component-id="infrastructure-card"
    data-ouia-component-type="PF6/Card"
    data-ouia-safe="true"
    id=""
  >
    <div
      class="pf-v6-c-card__body"
    >
      <div
        class="pf-v6-l-stack pf-m-gutter"
      >
        <div
          class="pf-v6-l-stack__item"
        >
          <div
            class="pf-v6-c-content"
            data-ouia-component-id="OUIA-Generated-Content-34"
            data-ouia-component-type="PF6/Content"
            data-ouia-safe="true"
            data-pf-content="true"
          >
            <h1
              class="pf-v6-c-content--h1"
              data-ouia-component-id="SystemPropertiesCardTitle"
              data-ouia-component-type="PF6/Content"
              data-ouia-safe="true"
              data-pf-content="true"
            >
              Infrastructure
            </h1>
          </div>
        </div>
        <div
          class="pf-v6-l-stack__item pf-m-fill"
        >
          <div
            class="pf-v6-c-content"
            data-ouia-component-id="OUIA-Generated-Content-36"
            data-ouia-component-type="PF6/Content"
            data-ouia-safe="true"
            data-pf-content="true"
          >
            <dl
              aria-label="Infrastructure title"
              class="pf-v6-c-description-list pf-m-horizontal pf-m-auto-fit"
              data-ouia-component-id="Infrastructure title"
              style="--pf-v6-c-description-list--m-horizontal__term--width: 20ch;"
            >
              <div
                class="pf-v6-c-description-list__group"
              >
                <dt
                  class="pf-v6-c-description-list__term"
                >
                  <span
                    class="pf-v6-c-description-list__text"
                  >
                    Type
                  </span>
                </dt>
                <dd
                  aria-label="Type value"
                  class="pf-v6-c-description-list__description"
                  data-ouia-component-id="Type value"
                >
                  <div
                    class="pf-v6-c-description-list__text"
                  >
                    test-type
                  </div>
                </dd>
                <dt
                  class="pf-v6-c-description-list__term"
                >
                  <span
                    class="pf-v6-c-description-list__text"
                  >
                    Vendor
                  </span>
                </dt>
                <dd
                  aria-label="Vendor value"
                  class="pf-v6-c-description-list__description"
                  data-ouia-component-id="Vendor value"
                >
                  <div
                    class="pf-v6-c-description-list__text"
                  >
                    test-vendor
                  </div>
                </dd>
                <dt
                  class="pf-v6-c-description-list__term"
                >
                  <span
                    class="pf-v6-c-description-list__text"
                  >
                    Public IP
                  </span>
                </dt>
                <dd
                  aria-label="Public IP value"
                  class="pf-v6-c-description-list__description"
                  data-ouia-component-id="Public IP value"
                >
                  <div
                    class="pf-v6-c-description-list__text"
                  >
                    Not available
                  </div>
                </dd>
                <dt
                  class="pf-v6-c-description-list__term"
                >
                  <span
                    class="pf-v6-c-description-list__text"
                  >
                    IPv4 addresses
                  </span>
                </dt>
                <dd
                  aria-label="IPv4 addresses value"
                  class="pf-v6-c-description-list__description"
                  data-ouia-component-id="IPv4 addresses value"
                >
                  <div
                    class="pf-v6-c-description-list__text"
                  >
                    <div>
                      <a
                        href="localhost:3000/example/path/ipv4"
                      >
                        1 address
                      </a>
                    </div>
                  </div>
                </dd>
                <dt
                  class="pf-v6-c-description-list__term"
                >
                  <span
                    class="pf-v6-c-description-list__text"
                  >
                    IPv6 addresses
                  </span>
                </dt>
                <dd
                  aria-label="IPv6 addresses value"
                  class="pf-v6-c-description-list__description"
                  data-ouia-component-id="IPv6 addresses value"
                >
                  <div
                    class="pf-v6-c-description-list__text"
                  >
                    <div>
                      <a
                        href="localhost:3000/example/path/ipv6"
                      >
                        1 address
                      </a>
                    </div>
                  </div>
                </dd>
                <dt
                  class="pf-v6-c-description-list__term"
                >
                  <span
                    class="pf-v6-c-description-list__text"
                  >
                    FQDN
                  </span>
                </dt>
                <dd
                  aria-label="FQDN value"
                  class="pf-v6-c-description-list__description"
                  data-ouia-component-id="FQDN value"
                >
                  <div
                    class="pf-v6-c-description-list__text"
                  >
                    Not available
                  </div>
                </dd>
              </div>
            </dl>
          </div>
        </div>
      </div>
    </div>
  </div>
</DocumentFragment>
`;

exports[`InfrastructureCard should not render hasType 1`] = `
<DocumentFragment>
  <div
    class="pf-v6-c-card"
    data-ouia-component-id="infrastructure-card"
    data-ouia-component-type="PF6/Card"
    data-ouia-safe="true"
    id=""
  >
    <div
      class="pf-v6-c-card__body"
    >
      <div
        class="pf-v6-l-stack pf-m-gutter"
      >
        <div
          class="pf-v6-l-stack__item"
        >
          <div
            class="pf-v6-c-content"
            data-ouia-component-id="OUIA-Generated-Content-22"
            data-ouia-component-type="PF6/Content"
            data-ouia-safe="true"
            data-pf-content="true"
          >
            <h1
              class="pf-v6-c-content--h1"
              data-ouia-component-id="SystemPropertiesCardTitle"
              data-ouia-component-type="PF6/Content"
              data-ouia-safe="true"
              data-pf-content="true"
            >
              Infrastructure
            </h1>
          </div>
        </div>
        <div
          class="pf-v6-l-stack__item pf-m-fill"
        >
          <div
            class="pf-v6-c-content"
            data-ouia-component-id="OUIA-Generated-Content-24"
            data-ouia-component-type="PF6/Content"
            data-ouia-safe="true"
            data-pf-content="true"
          >
            <dl
              aria-label="Infrastructure title"
              class="pf-v6-c-description-list pf-m-horizontal pf-m-auto-fit"
              data-ouia-component-id="Infrastructure title"
              style="--pf-v6-c-description-list--m-horizontal__term--width: 20ch;"
            >
              <div
                class="pf-v6-c-description-list__group"
              >
                <dt
                  class="pf-v6-c-description-list__term"
                >
                  <span
                    class="pf-v6-c-description-list__text"
                  >
                    Vendor
                  </span>
                </dt>
                <dd
                  aria-label="Vendor value"
                  class="pf-v6-c-description-list__description"
                  data-ouia-component-id="Vendor value"
                >
                  <div
                    class="pf-v6-c-description-list__text"
                  >
                    test-vendor
                  </div>
                </dd>
                <dt
                  class="pf-v6-c-description-list__term"
                >
                  <span
                    class="pf-v6-c-description-list__text"
                  >
                    Public IP
                  </span>
                </dt>
                <dd
                  aria-label="Public IP value"
                  class="pf-v6-c-description-list__description"
                  data-ouia-component-id="Public IP value"
                >
                  <div
                    class="pf-v6-c-description-list__text"
                  >
                    Not available
                  </div>
                </dd>
                <dt
                  class="pf-v6-c-description-list__term"
                >
                  <span
                    class="pf-v6-c-description-list__text"
                  >
                    IPv4 addresses
                  </span>
                </dt>
                <dd
                  aria-label="IPv4 addresses value"
                  class="pf-v6-c-description-list__description"
                  data-ouia-component-id="IPv4 addresses value"
                >
                  <div
                    class="pf-v6-c-description-list__text"
                  >
                    <div>
                      <a
                        href="localhost:3000/example/path/ipv4"
                      >
                        1 address
                      </a>
                    </div>
                  </div>
                </dd>
                <dt
                  class="pf-v6-c-description-list__term"
                >
                  <span
                    class="pf-v6-c-description-list__text"
                  >
                    IPv6 addresses
                  </span>
                </dt>
                <dd
                  aria-label="IPv6 addresses value"
                  class="pf-v6-c-description-list__description"
                  data-ouia-component-id="IPv6 addresses value"
                >
                  <div
                    class="pf-v6-c-description-list__text"
                  >
                    <div>
                      <a
                        href="localhost:3000/example/path/ipv6"
                      >
                        1 address
                      </a>
                    </div>
                  </div>
                </dd>
                <dt
                  class="pf-v6-c-description-list__term"
                >
                  <span
                    class="pf-v6-c-description-list__text"
                  >
                    FQDN
                  </span>
                </dt>
                <dd
                  aria-label="FQDN value"
                  class="pf-v6-c-description-list__description"
                  data-ouia-component-id="FQDN value"
                >
                  <div
                    class="pf-v6-c-description-list__text"
                  >
                    Not available
                  </div>
                </dd>
                <dt
                  class="pf-v6-c-description-list__term"
                >
                  <span
                    class="pf-v6-c-description-list__text"
                  >
                    Interfaces/NICs
                  </span>
                </dt>
                <dd
                  aria-label="Interfaces/NICs value"
                  class="pf-v6-c-description-list__description"
                  data-ouia-component-id="Interfaces/NICs value"
                >
                  <div
                    class="pf-v6-c-description-list__text"
                  >
                    <div>
                      <a
                        href="localhost:3000/example/path/interfaces"
                      >
                        1 NIC
                      </a>
                    </div>
                  </div>
                </dd>
              </div>
            </dl>
          </div>
        </div>
      </div>
    </div>
  </div>
</DocumentFragment>
`;

exports[`InfrastructureCard should not render hasVendor 1`] = `
<DocumentFragment>
  <div
    class="pf-v6-c-card"
    data-ouia-component-id="infrastructure-card"
    data-ouia-component-type="PF6/Card"
    data-ouia-safe="true"
    id=""
  >
    <div
      class="pf-v6-c-card__body"
    >
      <div
        class="pf-v6-l-stack pf-m-gutter"
      >
        <div
          class="pf-v6-l-stack__item"
        >
          <div
            class="pf-v6-c-content"
            data-ouia-component-id="OUIA-Generated-Content-25"
            data-ouia-component-type="PF6/Content"
            data-ouia-safe="true"
            data-pf-content="true"
          >
            <h1
              class="pf-v6-c-content--h1"
              data-ouia-component-id="SystemPropertiesCardTitle"
              data-ouia-component-type="PF6/Content"
              data-ouia-safe="true"
              data-pf-content="true"
            >
              Infrastructure
            </h1>
          </div>
        </div>
        <div
          class="pf-v6-l-stack__item pf-m-fill"
        >
          <div
            class="pf-v6-c-content"
            data-ouia-component-id="OUIA-Generated-Content-27"
            data-ouia-component-type="PF6/Content"
            data-ouia-safe="true"
            data-pf-content="true"
          >
            <dl
              aria-label="Infrastructure title"
              class="pf-v6-c-description-list pf-m-horizontal pf-m-auto-fit"
              data-ouia-component-id="Infrastructure title"
              style="--pf-v6-c-description-list--m-horizontal__term--width: 20ch;"
            >
              <div
                class="pf-v6-c-description-list__group"
              >
                <dt
                  class="pf-v6-c-description-list__term"
                >
                  <span
                    class="pf-v6-c-description-list__text"
                  >
                    Type
                  </span>
                </dt>
                <dd
                  aria-label="Type value"
                  class="pf-v6-c-description-list__description"
                  data-ouia-component-id="Type value"
                >
                  <div
                    class="pf-v6-c-description-list__text"
                  >
                    test-type
                  </div>
                </dd>
                <dt
                  class="pf-v6-c-description-list__term"
                >
                  <span
                    class="pf-v6-c-description-list__text"
                  >
                    Public IP
                  </span>
                </dt>
                <dd
                  aria-label="Public IP value"
                  class="pf-v6-c-description-list__description"
                  data-ouia-component-id="Public IP value"
                >
                  <div
                    class="pf-v6-c-description-list__text"
                  >
                    Not available
                  </div>
                </dd>
                <dt
                  class="pf-v6-c-description-list__term"
                >
                  <span
                    class="pf-v6-c-description-list__text"
                  >
                    IPv4 addresses
                  </span>
                </dt>
                <dd
                  aria-label="IPv4 addresses value"
                  class="pf-v6-c-description-list__description"
                  data-ouia-component-id="IPv4 addresses value"
                >
                  <div
                    class="pf-v6-c-description-list__text"
                  >
                    <div>
                      <a
                        href="localhost:3000/example/path/ipv4"
                      >
                        1 address
                      </a>
                    </div>
                  </div>
                </dd>
                <dt
                  class="pf-v6-c-description-list__term"
                >
                  <span
                    class="pf-v6-c-description-list__text"
                  >
                    IPv6 addresses
                  </span>
                </dt>
                <dd
                  aria-label="IPv6 addresses value"
                  class="pf-v6-c-description-list__description"
                  data-ouia-component-id="IPv6 addresses value"
                >
                  <div
                    class="pf-v6-c-description-list__text"
                  >
                    <div>
                      <a
                        href="localhost:3000/example/path/ipv6"
                      >
                        1 address
                      </a>
                    </div>
                  </div>
                </dd>
                <dt
                  class="pf-v6-c-description-list__term"
                >
                  <span
                    class="pf-v6-c-description-list__text"
                  >
                    FQDN
                  </span>
                </dt>
                <dd
                  aria-label="FQDN value"
                  class="pf-v6-c-description-list__description"
                  data-ouia-component-id="FQDN value"
                >
                  <div
                    class="pf-v6-c-description-list__text"
                  >
                    Not available
                  </div>
                </dd>
                <dt
                  class="pf-v6-c-description-list__term"
                >
                  <span
                    class="pf-v6-c-description-list__text"
                  >
                    Interfaces/NICs
                  </span>
                </dt>
                <dd
                  aria-label="Interfaces/NICs value"
                  class="pf-v6-c-description-list__description"
                  data-ouia-component-id="Interfaces/NICs value"
                >
                  <div
                    class="pf-v6-c-description-list__text"
                  >
                    <div>
                      <a
                        href="localhost:3000/example/path/interfaces"
                      >
                        1 NIC
                      </a>
                    </div>
                  </div>
                </dd>
              </div>
            </dl>
          </div>
        </div>
      </div>
    </div>
  </div>
</DocumentFragment>
`;

exports[`InfrastructureCard should render correctly - no data 1`] = `
<DocumentFragment>
  <div
    class="pf-v6-c-card"
    data-ouia-component-id="infrastructure-card"
    data-ouia-component-type="PF6/Card"
    data-ouia-safe="true"
    id=""
  >
    <div
      class="pf-v6-c-card__body"
    >
      <div
        class="pf-v6-l-stack pf-m-gutter"
      >
        <div
          class="pf-v6-l-stack__item"
        >
          <div
            class="pf-v6-c-content"
            data-ouia-component-id="OUIA-Generated-Content-1"
            data-ouia-component-type="PF6/Content"
            data-ouia-safe="true"
            data-pf-content="true"
          >
            <h1
              class="pf-v6-c-content--h1"
              data-ouia-component-id="SystemPropertiesCardTitle"
              data-ouia-component-type="PF6/Content"
              data-ouia-safe="true"
              data-pf-content="true"
            >
              Infrastructure
            </h1>
          </div>
        </div>
        <div
          class="pf-v6-l-stack__item pf-m-fill"
        >
          <div
            class="pf-v6-c-content"
            data-ouia-component-id="OUIA-Generated-Content-3"
            data-ouia-component-type="PF6/Content"
            data-ouia-safe="true"
            data-pf-content="true"
          >
            <dl
              aria-label="Infrastructure title"
              class="pf-v6-c-description-list pf-m-horizontal pf-m-auto-fit"
              data-ouia-component-id="Infrastructure title"
              style="--pf-v6-c-description-list--m-horizontal__term--width: 20ch;"
            >
              <div
                class="pf-v6-c-description-list__group"
              >
                <dt
                  class="pf-v6-c-description-list__term"
                >
                  <span
                    class="pf-v6-c-description-list__text"
                  >
                    Type
                  </span>
                </dt>
                <dd
                  aria-label="Type value"
                  class="pf-v6-c-description-list__description"
                  data-ouia-component-id="Type value"
                >
                  <div
                    class="pf-v6-c-description-list__text"
                  >
                    <div
                      class="pf-v6-c-skeleton ins-c-skeleton ins-c-skeleton__sm"
                    >
                      <span
                        class="pf-v6-screen-reader"
                      />
                    </div>
                  </div>
                </dd>
                <dt
                  class="pf-v6-c-description-list__term"
                >
                  <span
                    class="pf-v6-c-description-list__text"
                  >
                    Vendor
                  </span>
                </dt>
                <dd
                  aria-label="Vendor value"
                  class="pf-v6-c-description-list__description"
                  data-ouia-component-id="Vendor value"
                >
                  <div
                    class="pf-v6-c-description-list__text"
                  >
                    <div
                      class="pf-v6-c-skeleton ins-c-skeleton ins-c-skeleton__sm"
                    >
                      <span
                        class="pf-v6-screen-reader"
                      />
                    </div>
                  </div>
                </dd>
                <dt
                  class="pf-v6-c-description-list__term"
                >
                  <span
                    class="pf-v6-c-description-list__text"
                  >
                    Public IP
                  </span>
                </dt>
                <dd
                  aria-label="Public IP value"
                  class="pf-v6-c-description-list__description"
                  data-ouia-component-id="Public IP value"
                >
                  <div
                    class="pf-v6-c-description-list__text"
                  >
                    <div
                      class="pf-v6-c-skeleton ins-c-skeleton ins-c-skeleton__sm"
                    >
                      <span
                        class="pf-v6-screen-reader"
                      />
                    </div>
                  </div>
                </dd>
                <dt
                  class="pf-v6-c-description-list__term"
                >
                  <span
                    class="pf-v6-c-description-list__text"
                  >
                    IPv4 addresses
                  </span>
                </dt>
                <dd
                  aria-label="IPv4 addresses value"
                  class="pf-v6-c-description-list__description"
                  data-ouia-component-id="IPv4 addresses value"
                >
                  <div
                    class="pf-v6-c-description-list__text"
                  >
                    <div
                      class="pf-v6-c-skeleton ins-c-skeleton ins-c-skeleton__sm"
                    >
                      <span
                        class="pf-v6-screen-reader"
                      />
                    </div>
                  </div>
                </dd>
                <dt
                  class="pf-v6-c-description-list__term"
                >
                  <span
                    class="pf-v6-c-description-list__text"
                  >
                    IPv6 addresses
                  </span>
                </dt>
                <dd
                  aria-label="IPv6 addresses value"
                  class="pf-v6-c-description-list__description"
                  data-ouia-component-id="IPv6 addresses value"
                >
                  <div
                    class="pf-v6-c-description-list__text"
                  >
                    <div
                      class="pf-v6-c-skeleton ins-c-skeleton ins-c-skeleton__sm"
                    >
                      <span
                        class="pf-v6-screen-reader"
                      />
                    </div>
                  </div>
                </dd>
                <dt
                  class="pf-v6-c-description-list__term"
                >
                  <span
                    class="pf-v6-c-description-list__text"
                  >
                    FQDN
                  </span>
                </dt>
                <dd
                  aria-label="FQDN value"
                  class="pf-v6-c-description-list__description"
                  data-ouia-component-id="FQDN value"
                >
                  <div
                    class="pf-v6-c-description-list__text"
                  >
                    <div
                      class="pf-v6-c-skeleton ins-c-skeleton ins-c-skeleton__sm"
                    >
                      <span
                        class="pf-v6-screen-reader"
                      />
                    </div>
                  </div>
                </dd>
                <dt
                  class="pf-v6-c-description-list__term"
                >
                  <span
                    class="pf-v6-c-description-list__text"
                  >
                    Interfaces/NICs
                  </span>
                </dt>
                <dd
                  aria-label="Interfaces/NICs value"
                  class="pf-v6-c-description-list__description"
                  data-ouia-component-id="Interfaces/NICs value"
                >
                  <div
                    class="pf-v6-c-description-list__text"
                  >
                    <div
                      class="pf-v6-c-skeleton ins-c-skeleton ins-c-skeleton__sm"
                    >
                      <span
                        class="pf-v6-screen-reader"
                      />
                    </div>
                  </div>
                </dd>
              </div>
            </dl>
          </div>
        </div>
      </div>
    </div>
  </div>
</DocumentFragment>
`;

exports[`InfrastructureCard should render correctly with data 1`] = `
<DocumentFragment>
  <div
    class="pf-v6-c-card"
    data-ouia-component-id="infrastructure-card"
    data-ouia-component-type="PF6/Card"
    data-ouia-safe="true"
    id=""
  >
    <div
      class="pf-v6-c-card__body"
    >
      <div
        class="pf-v6-l-stack pf-m-gutter"
      >
        <div
          class="pf-v6-l-stack__item"
        >
          <div
            class="pf-v6-c-content"
            data-ouia-component-id="OUIA-Generated-Content-4"
            data-ouia-component-type="PF6/Content"
            data-ouia-safe="true"
            data-pf-content="true"
          >
            <h1
              class="pf-v6-c-content--h1"
              data-ouia-component-id="SystemPropertiesCardTitle"
              data-ouia-component-type="PF6/Content"
              data-ouia-safe="true"
              data-pf-content="true"
            >
              Infrastructure
            </h1>
          </div>
        </div>
        <div
          class="pf-v6-l-stack__item pf-m-fill"
        >
          <div
            class="pf-v6-c-content"
            data-ouia-component-id="OUIA-Generated-Content-6"
            data-ouia-component-type="PF6/Content"
            data-ouia-safe="true"
            data-pf-content="true"
          >
            <dl
              aria-label="Infrastructure title"
              class="pf-v6-c-description-list pf-m-horizontal pf-m-auto-fit"
              data-ouia-component-id="Infrastructure title"
              style="--pf-v6-c-description-list--m-horizontal__term--width: 20ch;"
            >
              <div
                class="pf-v6-c-description-list__group"
              >
                <dt
                  class="pf-v6-c-description-list__term"
                >
                  <span
                    class="pf-v6-c-description-list__text"
                  >
                    Type
                  </span>
                </dt>
                <dd
                  aria-label="Type value"
                  class="pf-v6-c-description-list__description"
                  data-ouia-component-id="Type value"
                >
                  <div
                    class="pf-v6-c-description-list__text"
                  >
                    test-type
                  </div>
                </dd>
                <dt
                  class="pf-v6-c-description-list__term"
                >
                  <span
                    class="pf-v6-c-description-list__text"
                  >
                    Vendor
                  </span>
                </dt>
                <dd
                  aria-label="Vendor value"
                  class="pf-v6-c-description-list__description"
                  data-ouia-component-id="Vendor value"
                >
                  <div
                    class="pf-v6-c-description-list__text"
                  >
                    test-vendor
                  </div>
                </dd>
                <dt
                  class="pf-v6-c-description-list__term"
                >
                  <span
                    class="pf-v6-c-description-list__text"
                  >
                    Public IP
                  </span>
                </dt>
                <dd
                  aria-label="Public IP value"
                  class="pf-v6-c-description-list__description"
                  data-ouia-component-id="Public IP value"
                >
                  <div
                    class="pf-v6-c-description-list__text"
                  >
                    Not available
                  </div>
                </dd>
                <dt
                  class="pf-v6-c-description-list__term"
                >
                  <span
                    class="pf-v6-c-description-list__text"
                  >
                    IPv4 addresses
                  </span>
                </dt>
                <dd
                  aria-label="IPv4 addresses value"
                  class="pf-v6-c-description-list__description"
                  data-ouia-component-id="IPv4 addresses value"
                >
                  <div
                    class="pf-v6-c-description-list__text"
                  >
                    <div>
                      <a
                        href="localhost:3000/example/path/ipv4"
                      >
                        1 address
                      </a>
                    </div>
                  </div>
                </dd>
                <dt
                  class="pf-v6-c-description-list__term"
                >
                  <span
                    class="pf-v6-c-description-list__text"
                  >
                    IPv6 addresses
                  </span>
                </dt>
                <dd
                  aria-label="IPv6 addresses value"
                  class="pf-v6-c-description-list__description"
                  data-ouia-component-id="IPv6 addresses value"
                >
                  <div
                    class="pf-v6-c-description-list__text"
                  >
                    <div>
                      <a
                        href="localhost:3000/example/path/ipv6"
                      >
                        1 address
                      </a>
                    </div>
                  </div>
                </dd>
                <dt
                  class="pf-v6-c-description-list__term"
                >
                  <span
                    class="pf-v6-c-description-list__text"
                  >
                    FQDN
                  </span>
                </dt>
                <dd
                  aria-label="FQDN value"
                  class="pf-v6-c-description-list__description"
                  data-ouia-component-id="FQDN value"
                >
                  <div
                    class="pf-v6-c-description-list__text"
                  >
                    Not available
                  </div>
                </dd>
                <dt
                  class="pf-v6-c-description-list__term"
                >
                  <span
                    class="pf-v6-c-description-list__text"
                  >
                    Interfaces/NICs
                  </span>
                </dt>
                <dd
                  aria-label="Interfaces/NICs value"
                  class="pf-v6-c-description-list__description"
                  data-ouia-component-id="Interfaces/NICs value"
                >
                  <div
                    class="pf-v6-c-description-list__text"
                  >
                    <div>
                      <a
                        href="localhost:3000/example/path/interfaces"
                      >
                        1 NIC
                      </a>
                    </div>
                  </div>
                </dd>
              </div>
            </dl>
          </div>
        </div>
      </div>
    </div>
  </div>
</DocumentFragment>
`;

exports[`InfrastructureCard should render correctly with rhsm facts 1`] = `
<DocumentFragment>
  <div
    class="pf-v6-c-card"
    data-ouia-component-id="infrastructure-card"
    data-ouia-component-type="PF6/Card"
    data-ouia-safe="true"
    id=""
  >
    <div
      class="pf-v6-c-card__body"
    >
      <div
        class="pf-v6-l-stack pf-m-gutter"
      >
        <div
          class="pf-v6-l-stack__item"
        >
          <div
            class="pf-v6-c-content"
            data-ouia-component-id="OUIA-Generated-Content-7"
            data-ouia-component-type="PF6/Content"
            data-ouia-safe="true"
            data-pf-content="true"
          >
            <h1
              class="pf-v6-c-content--h1"
              data-ouia-component-id="SystemPropertiesCardTitle"
              data-ouia-component-type="PF6/Content"
              data-ouia-safe="true"
              data-pf-content="true"
            >
              Infrastructure
            </h1>
          </div>
        </div>
        <div
          class="pf-v6-l-stack__item pf-m-fill"
        >
          <div
            class="pf-v6-c-content"
            data-ouia-component-id="OUIA-Generated-Content-9"
            data-ouia-component-type="PF6/Content"
            data-ouia-safe="true"
            data-pf-content="true"
          >
            <dl
              aria-label="Infrastructure title"
              class="pf-v6-c-description-list pf-m-horizontal pf-m-auto-fit"
              data-ouia-component-id="Infrastructure title"
              style="--pf-v6-c-description-list--m-horizontal__term--width: 20ch;"
            >
              <div
                class="pf-v6-c-description-list__group"
              >
                <dt
                  class="pf-v6-c-description-list__term"
                >
                  <span
                    class="pf-v6-c-description-list__text"
                  >
                    Type
                  </span>
                </dt>
                <dd
                  aria-label="Type value"
                  class="pf-v6-c-description-list__description"
                  data-ouia-component-id="Type value"
                >
                  <div
                    class="pf-v6-c-description-list__text"
                  >
                    virtual
                  </div>
                </dd>
                <dt
                  class="pf-v6-c-description-list__term"
                >
                  <span
                    class="pf-v6-c-description-list__text"
                  >
                    Vendor
                  </span>
                </dt>
                <dd
                  aria-label="Vendor value"
                  class="pf-v6-c-description-list__description"
                  data-ouia-component-id="Vendor value"
                >
                  <div
                    class="pf-v6-c-description-list__text"
                  >
                    Not available
                  </div>
                </dd>
                <dt
                  class="pf-v6-c-description-list__term"
                >
                  <span
                    class="pf-v6-c-description-list__text"
                  >
                    Public IP
                  </span>
                </dt>
                <dd
                  aria-label="Public IP value"
                  class="pf-v6-c-description-list__description"
                  data-ouia-component-id="Public IP value"
                >
                  <div
                    class="pf-v6-c-description-list__text"
                  >
                    Not available
                  </div>
                </dd>
                <dt
                  class="pf-v6-c-description-list__term"
                >
                  <span
                    class="pf-v6-c-description-list__text"
                  >
                    IPv4 addresses
                  </span>
                </dt>
                <dd
                  aria-label="IPv4 addresses value"
                  class="pf-v6-c-description-list__description"
                  data-ouia-component-id="IPv4 addresses value"
                >
                  <div
                    class="pf-v6-c-description-list__text"
                  >
                    Not available
                  </div>
                </dd>
                <dt
                  class="pf-v6-c-description-list__term"
                >
                  <span
                    class="pf-v6-c-description-list__text"
                  >
                    IPv6 addresses
                  </span>
                </dt>
                <dd
                  aria-label="IPv6 addresses value"
                  class="pf-v6-c-description-list__description"
                  data-ouia-component-id="IPv6 addresses value"
                >
                  <div
                    class="pf-v6-c-description-list__text"
                  >
                    Not available
                  </div>
                </dd>
                <dt
                  class="pf-v6-c-description-list__term"
                >
                  <span
                    class="pf-v6-c-description-list__text"
                  >
                    FQDN
                  </span>
                </dt>
                <dd
                  aria-label="FQDN value"
                  class="pf-v6-c-description-list__description"
                  data-ouia-component-id="FQDN value"
                >
                  <div
                    class="pf-v6-c-description-list__text"
                  >
                    Not available
                  </div>
                </dd>
                <dt
                  class="pf-v6-c-description-list__term"
                >
                  <span
                    class="pf-v6-c-description-list__text"
                  >
                    Interfaces/NICs
                  </span>
                </dt>
                <dd
                  aria-label="Interfaces/NICs value"
                  class="pf-v6-c-description-list__description"
                  data-ouia-component-id="Interfaces/NICs value"
                >
                  <div
                    class="pf-v6-c-description-list__text"
                  >
                    Not available
                  </div>
                </dd>
              </div>
            </dl>
          </div>
        </div>
      </div>
    </div>
  </div>
</DocumentFragment>
`;

exports[`InfrastructureCard should render enabled/disabled 1`] = `
<DocumentFragment>
  <div
    class="pf-v6-c-card"
    data-ouia-component-id="infrastructure-card"
    data-ouia-component-type="PF6/Card"
    data-ouia-safe="true"
    id=""
  >
    <div
      class="pf-v6-c-card__body"
    >
      <div
        class="pf-v6-l-stack pf-m-gutter"
      >
        <div
          class="pf-v6-l-stack__item"
        >
          <div
            class="pf-v6-c-content"
            data-ouia-component-id="OUIA-Generated-Content-10"
            data-ouia-component-type="PF6/Content"
            data-ouia-safe="true"
            data-pf-content="true"
          >
            <h1
              class="pf-v6-c-content--h1"
              data-ouia-component-id="SystemPropertiesCardTitle"
              data-ouia-component-type="PF6/Content"
              data-ouia-safe="true"
              data-pf-content="true"
            >
              Infrastructure
            </h1>
          </div>
        </div>
        <div
          class="pf-v6-l-stack__item pf-m-fill"
        >
          <div
            class="pf-v6-c-content"
            data-ouia-component-id="OUIA-Generated-Content-12"
            data-ouia-component-type="PF6/Content"
            data-ouia-safe="true"
            data-pf-content="true"
          >
            <dl
              aria-label="Infrastructure title"
              class="pf-v6-c-description-list pf-m-horizontal pf-m-auto-fit"
              data-ouia-component-id="Infrastructure title"
              style="--pf-v6-c-description-list--m-horizontal__term--width: 20ch;"
            >
              <div
                class="pf-v6-c-description-list__group"
              >
                <dt
                  class="pf-v6-c-description-list__term"
                >
                  <span
                    class="pf-v6-c-description-list__text"
                  >
                    Type
                  </span>
                </dt>
                <dd
                  aria-label="Type value"
                  class="pf-v6-c-description-list__description"
                  data-ouia-component-id="Type value"
                >
                  <div
                    class="pf-v6-c-description-list__text"
                  >
                    test-type
                  </div>
                </dd>
                <dt
                  class="pf-v6-c-description-list__term"
                >
                  <span
                    class="pf-v6-c-description-list__text"
                  >
                    Vendor
                  </span>
                </dt>
                <dd
                  aria-label="Vendor value"
                  class="pf-v6-c-description-list__description"
                  data-ouia-component-id="Vendor value"
                >
                  <div
                    class="pf-v6-c-description-list__text"
                  >
                    test-vendor
                  </div>
                </dd>
                <dt
                  class="pf-v6-c-description-list__term"
                >
                  <span
                    class="pf-v6-c-description-list__text"
                  >
                    Public IP
                  </span>
                </dt>
                <dd
                  aria-label="Public IP value"
                  class="pf-v6-c-description-list__description"
                  data-ouia-component-id="Public IP value"
                >
                  <div
                    class="pf-v6-c-description-list__text"
                  >
                    Not available
                  </div>
                </dd>
                <dt
                  class="pf-v6-c-description-list__term"
                >
                  <span
                    class="pf-v6-c-description-list__text"
                  >
                    IPv4 addresses
                  </span>
                </dt>
                <dd
                  aria-label="IPv4 addresses value"
                  class="pf-v6-c-description-list__description"
                  data-ouia-component-id="IPv4 addresses value"
                >
                  <div
                    class="pf-v6-c-description-list__text"
                  >
                    <div>
                      <a
                        href="localhost:3000/example/path/ipv4"
                      >
                        1 address
                      </a>
                    </div>
                  </div>
                </dd>
                <dt
                  class="pf-v6-c-description-list__term"
                >
                  <span
                    class="pf-v6-c-description-list__text"
                  >
                    IPv6 addresses
                  </span>
                </dt>
                <dd
                  aria-label="IPv6 addresses value"
                  class="pf-v6-c-description-list__description"
                  data-ouia-component-id="IPv6 addresses value"
                >
                  <div
                    class="pf-v6-c-description-list__text"
                  >
                    <div>
                      <a
                        href="localhost:3000/example/path/ipv6"
                      >
                        1 address
                      </a>
                    </div>
                  </div>
                </dd>
                <dt
                  class="pf-v6-c-description-list__term"
                >
                  <span
                    class="pf-v6-c-description-list__text"
                  >
                    FQDN
                  </span>
                </dt>
                <dd
                  aria-label="FQDN value"
                  class="pf-v6-c-description-list__description"
                  data-ouia-component-id="FQDN value"
                >
                  <div
                    class="pf-v6-c-description-list__text"
                  >
                    Not available
                  </div>
                </dd>
                <dt
                  class="pf-v6-c-description-list__term"
                >
                  <span
                    class="pf-v6-c-description-list__text"
                  >
                    Interfaces/NICs
                  </span>
                </dt>
                <dd
                  aria-label="Interfaces/NICs value"
                  class="pf-v6-c-description-list__description"
                  data-ouia-component-id="Interfaces/NICs value"
                >
                  <div
                    class="pf-v6-c-description-list__text"
                  >
                    <div>
                      <a
                        href="localhost:3000/example/path/interfaces"
                      >
                        1 NIC
                      </a>
                    </div>
                  </div>
                </dd>
              </div>
            </dl>
          </div>
        </div>
      </div>
    </div>
  </div>
</DocumentFragment>
`;

exports[`InfrastructureCard should render extra 1`] = `
<DocumentFragment>
  <div
    class="pf-v6-c-card"
    data-ouia-component-id="infrastructure-card"
    data-ouia-component-type="PF6/Card"
    data-ouia-safe="true"
    id=""
  >
    <div
      class="pf-v6-c-card__body"
    >
      <div
        class="pf-v6-l-stack pf-m-gutter"
      >
        <div
          class="pf-v6-l-stack__item"
        >
          <div
            class="pf-v6-c-content"
            data-ouia-component-id="OUIA-Generated-Content-37"
            data-ouia-component-type="PF6/Content"
            data-ouia-safe="true"
            data-pf-content="true"
          >
            <h1
              class="pf-v6-c-content--h1"
              data-ouia-component-id="SystemPropertiesCardTitle"
              data-ouia-component-type="PF6/Content"
              data-ouia-safe="true"
              data-pf-content="true"
            >
              Infrastructure
            </h1>
          </div>
        </div>
        <div
          class="pf-v6-l-stack__item pf-m-fill"
        >
          <div
            class="pf-v6-c-content"
            data-ouia-component-id="OUIA-Generated-Content-39"
            data-ouia-component-type="PF6/Content"
            data-ouia-safe="true"
            data-pf-content="true"
          >
            <dl
              aria-label="Infrastructure title"
              class="pf-v6-c-description-list pf-m-horizontal pf-m-auto-fit"
              data-ouia-component-id="Infrastructure title"
              style="--pf-v6-c-description-list--m-horizontal__term--width: 20ch;"
            >
              <div
                class="pf-v6-c-description-list__group"
              >
                <dt
                  class="pf-v6-c-description-list__term"
                >
                  <span
                    class="pf-v6-c-description-list__text"
                  >
                    Type
                  </span>
                </dt>
                <dd
                  aria-label="Type value"
                  class="pf-v6-c-description-list__description"
                  data-ouia-component-id="Type value"
                >
                  <div
                    class="pf-v6-c-description-list__text"
                  >
                    test-type
                  </div>
                </dd>
                <dt
                  class="pf-v6-c-description-list__term"
                >
                  <span
                    class="pf-v6-c-description-list__text"
                  >
                    Vendor
                  </span>
                </dt>
                <dd
                  aria-label="Vendor value"
                  class="pf-v6-c-description-list__description"
                  data-ouia-component-id="Vendor value"
                >
                  <div
                    class="pf-v6-c-description-list__text"
                  >
                    test-vendor
                  </div>
                </dd>
                <dt
                  class="pf-v6-c-description-list__term"
                >
                  <span
                    class="pf-v6-c-description-list__text"
                  >
                    Public IP
                  </span>
                </dt>
                <dd
                  aria-label="Public IP value"
                  class="pf-v6-c-description-list__description"
                  data-ouia-component-id="Public IP value"
                >
                  <div
                    class="pf-v6-c-description-list__text"
                  >
                    Not available
                  </div>
                </dd>
                <dt
                  class="pf-v6-c-description-list__term"
                >
                  <span
                    class="pf-v6-c-description-list__text"
                  >
                    IPv4 addresses
                  </span>
                </dt>
                <dd
                  aria-label="IPv4 addresses value"
                  class="pf-v6-c-description-list__description"
                  data-ouia-component-id="IPv4 addresses value"
                >
                  <div
                    class="pf-v6-c-description-list__text"
                  >
                    <div>
                      <a
                        href="localhost:3000/example/path/ipv4"
                      >
                        1 address
                      </a>
                    </div>
                  </div>
                </dd>
                <dt
                  class="pf-v6-c-description-list__term"
                >
                  <span
                    class="pf-v6-c-description-list__text"
                  >
                    IPv6 addresses
                  </span>
                </dt>
                <dd
                  aria-label="IPv6 addresses value"
                  class="pf-v6-c-description-list__description"
                  data-ouia-component-id="IPv6 addresses value"
                >
                  <div
                    class="pf-v6-c-description-list__text"
                  >
                    <div>
                      <a
                        href="localhost:3000/example/path/ipv6"
                      >
                        1 address
                      </a>
                    </div>
                  </div>
                </dd>
                <dt
                  class="pf-v6-c-description-list__term"
                >
                  <span
                    class="pf-v6-c-description-list__text"
                  >
                    FQDN
                  </span>
                </dt>
                <dd
                  aria-label="FQDN value"
                  class="pf-v6-c-description-list__description"
                  data-ouia-component-id="FQDN value"
                >
                  <div
                    class="pf-v6-c-description-list__text"
                  >
                    Not available
                  </div>
                </dd>
                <dt
                  class="pf-v6-c-description-list__term"
                >
                  <span
                    class="pf-v6-c-description-list__text"
                  >
                    Interfaces/NICs
                  </span>
                </dt>
                <dd
                  aria-label="Interfaces/NICs value"
                  class="pf-v6-c-description-list__description"
                  data-ouia-component-id="Interfaces/NICs value"
                >
                  <div
                    class="pf-v6-c-description-list__text"
                  >
                    <div>
                      <a
                        href="localhost:3000/example/path/interfaces"
                      >
                        1 NIC
                      </a>
                    </div>
                  </div>
                </dd>
                <dt
                  class="pf-v6-c-description-list__term"
                >
                  <span
                    class="pf-v6-c-description-list__text"
                  >
                    something
                  </span>
                </dt>
                <dd
                  aria-label="something value"
                  class="pf-v6-c-description-list__description"
                  data-ouia-component-id="something value"
                >
                  <div
                    class="pf-v6-c-description-list__text"
                  >
                    test
                  </div>
                </dd>
                <dt
                  class="pf-v6-c-description-list__term"
                >
                  <span
                    class="pf-v6-c-description-list__text"
                  >
                    with click
                  </span>
                </dt>
                <dd
                  aria-label="with click value"
                  class="pf-v6-c-description-list__description"
                  data-ouia-component-id="with click value"
                >
                  <div
                    class="pf-v6-c-description-list__text"
                  >
                    <div>
                      <a
                        href="localhost:3000/example/path/undefined"
                      >
                        1 tests
                      </a>
                    </div>
                  </div>
                </dd>
              </div>
            </dl>
          </div>
        </div>
      </div>
    </div>
  </div>
</DocumentFragment>
`;
